Archive member included to satisfy reference by file (symbol)

C:\Users\Mikkel\AppData\Local\Temp\arduino\sketches\F38EEDE96C581C7EBC022A43AFCE7007/..\..\cores\arduino_samd_mkrvidor4000_f3e0bd6860e3a08d0a5370bc8333d944\core.a(SERCOM.cpp.o)
                              C:\Users\Mikkel\AppData\Local\Temp\arduino\sketches\F38EEDE96C581C7EBC022A43AFCE7007\core\variant.cpp.o (SERCOM::SERCOM(Sercom*))
C:\Users\Mikkel\AppData\Local\Temp\arduino\sketches\F38EEDE96C581C7EBC022A43AFCE7007/..\..\cores\arduino_samd_mkrvidor4000_f3e0bd6860e3a08d0a5370bc8333d944\core.a(CDC.cpp.o)
                              C:\Users\Mikkel\AppData\Local\Temp\arduino\sketches\F38EEDE96C581C7EBC022A43AFCE7007\sketch\Potentiometer_test.ino.cpp.o (Serial_::begin(unsigned long))
C:\Users\Mikkel\AppData\Local\Temp\arduino\sketches\F38EEDE96C581C7EBC022A43AFCE7007/..\..\cores\arduino_samd_mkrvidor4000_f3e0bd6860e3a08d0a5370bc8333d944\core.a(USBCore.cpp.o)
                              C:\Users\Mikkel\AppData\Local\Temp\arduino\sketches\F38EEDE96C581C7EBC022A43AFCE7007/..\..\cores\arduino_samd_mkrvidor4000_f3e0bd6860e3a08d0a5370bc8333d944\core.a(CDC.cpp.o) (usbd)
C:\Users\Mikkel\AppData\Local\Temp\arduino\sketches\F38EEDE96C581C7EBC022A43AFCE7007/..\..\cores\arduino_samd_mkrvidor4000_f3e0bd6860e3a08d0a5370bc8333d944\core.a(Uart.cpp.o)
                              C:\Users\Mikkel\AppData\Local\Temp\arduino\sketches\F38EEDE96C581C7EBC022A43AFCE7007\core\variant.cpp.o (Uart::Uart(SERCOM*, unsigned char, unsigned char, SercomRXPad, SercomUartTXPad))
C:\Users\Mikkel\AppData\Local\Temp\arduino\sketches\F38EEDE96C581C7EBC022A43AFCE7007/..\..\cores\arduino_samd_mkrvidor4000_f3e0bd6860e3a08d0a5370bc8333d944\core.a(PluggableUSB.cpp.o)
                              C:\Users\Mikkel\AppData\Local\Temp\arduino\sketches\F38EEDE96C581C7EBC022A43AFCE7007/..\..\cores\arduino_samd_mkrvidor4000_f3e0bd6860e3a08d0a5370bc8333d944\core.a(USBCore.cpp.o) (arduino::PluggableUSB_::getInterface(unsigned char*))
C:\Users\Mikkel\AppData\Local\Temp\arduino\sketches\F38EEDE96C581C7EBC022A43AFCE7007/..\..\cores\arduino_samd_mkrvidor4000_f3e0bd6860e3a08d0a5370bc8333d944\core.a(Print.cpp.o)
                              C:\Users\Mikkel\AppData\Local\Temp\arduino\sketches\F38EEDE96C581C7EBC022A43AFCE7007/..\..\cores\arduino_samd_mkrvidor4000_f3e0bd6860e3a08d0a5370bc8333d944\core.a(Uart.cpp.o) (arduino::Print::write(unsigned char const*, unsigned int))
C:\Users\Mikkel\AppData\Local\Temp\arduino\sketches\F38EEDE96C581C7EBC022A43AFCE7007/..\..\cores\arduino_samd_mkrvidor4000_f3e0bd6860e3a08d0a5370bc8333d944\core.a(cortex_handlers.c.o)
                              (Reset_Handler)
C:\Users\Mikkel\AppData\Local\Temp\arduino\sketches\F38EEDE96C581C7EBC022A43AFCE7007/..\..\cores\arduino_samd_mkrvidor4000_f3e0bd6860e3a08d0a5370bc8333d944\core.a(delay.c.o)
                              C:\Users\Mikkel\AppData\Local\Temp\arduino\sketches\F38EEDE96C581C7EBC022A43AFCE7007/..\..\cores\arduino_samd_mkrvidor4000_f3e0bd6860e3a08d0a5370bc8333d944\core.a(CDC.cpp.o) (millis)
C:\Users\Mikkel\AppData\Local\Temp\arduino\sketches\F38EEDE96C581C7EBC022A43AFCE7007/..\..\cores\arduino_samd_mkrvidor4000_f3e0bd6860e3a08d0a5370bc8333d944\core.a(hooks.c.o)
                              C:\Users\Mikkel\AppData\Local\Temp\arduino\sketches\F38EEDE96C581C7EBC022A43AFCE7007/..\..\cores\arduino_samd_mkrvidor4000_f3e0bd6860e3a08d0a5370bc8333d944\core.a(delay.c.o) (yield)
C:\Users\Mikkel\AppData\Local\Temp\arduino\sketches\F38EEDE96C581C7EBC022A43AFCE7007/..\..\cores\arduino_samd_mkrvidor4000_f3e0bd6860e3a08d0a5370bc8333d944\core.a(main.cpp.o)
                              c:/users/mikkel/appdata/local/arduino15/packages/arduino/tools/arm-none-eabi-gcc/7-2017q4/bin/../lib/gcc/arm-none-eabi/7.2.1/../../../../arm-none-eabi/lib/thumb/v6-m/crt0.o (main)
C:\Users\Mikkel\AppData\Local\Temp\arduino\sketches\F38EEDE96C581C7EBC022A43AFCE7007/..\..\cores\arduino_samd_mkrvidor4000_f3e0bd6860e3a08d0a5370bc8333d944\core.a(new.cpp.o)
                              C:\Users\Mikkel\AppData\Local\Temp\arduino\sketches\F38EEDE96C581C7EBC022A43AFCE7007/..\..\cores\arduino_samd_mkrvidor4000_f3e0bd6860e3a08d0a5370bc8333d944\core.a(USBCore.cpp.o) (operator new(unsigned int))
C:\Users\Mikkel\AppData\Local\Temp\arduino\sketches\F38EEDE96C581C7EBC022A43AFCE7007/..\..\cores\arduino_samd_mkrvidor4000_f3e0bd6860e3a08d0a5370bc8333d944\core.a(startup.c.o)
                              C:\Users\Mikkel\AppData\Local\Temp\arduino\sketches\F38EEDE96C581C7EBC022A43AFCE7007/..\..\cores\arduino_samd_mkrvidor4000_f3e0bd6860e3a08d0a5370bc8333d944\core.a(cortex_handlers.c.o) (SystemInit)
C:\Users\Mikkel\AppData\Local\Temp\arduino\sketches\F38EEDE96C581C7EBC022A43AFCE7007/..\..\cores\arduino_samd_mkrvidor4000_f3e0bd6860e3a08d0a5370bc8333d944\core.a(wiring.c.o)
[...]
Memory Configuration

Name             Origin             Length             Attributes
FLASH_FPGA       0x00040000         0x00200000         r
FLASH            0x00002000         0x0003e000         xr
RAM              0x20000000         0x00008000         xrw
*default*        0x00000000         0xffffffff

Linker script and memory map

LOAD c:/users/mikkel/appdata/local/arduino15/packages/arduino/tools/arm-none-eabi-gcc/7-2017q4/bin/../lib/gcc/arm-none-eabi/7.2.1/thumb/v6-m/crti.o
LOAD c:/users/mikkel/appdata/local/arduino15/packages/arduino/tools/arm-none-eabi-gcc/7-2017q4/bin/../lib/gcc/arm-none-eabi/7.2.1/thumb/v6-m/crtbegin.o
LOAD c:/users/mikkel/appdata/local/arduino15/packages/arduino/tools/arm-none-eabi-gcc/7-2017q4/bin/../lib/gcc/arm-none-eabi/7.2.1/../../../../arm-none-eabi/lib/thumb/v6-m/crt0.o
LOAD C:\Users\Mikkel\AppData\Local\Temp\arduino\sketches\F38EEDE96C581C7EBC022A43AFCE7007\sketch\Potentiometer_test.ino.cpp.o
LOAD C:\Users\Mikkel\AppData\Local\Temp\arduino\sketches\F38EEDE96C581C7EBC022A43AFCE7007\core\clockout.c.o
LOAD C:\Users\Mikkel\AppData\Local\Temp\arduino\sketches\F38EEDE96C581C7EBC022A43AFCE7007\core\variant.cpp.o
START GROUP
LOAD C:\Users\Mikkel\AppData\Local\Arduino15\packages\arduino\tools\CMSIS\4.5.0/CMSIS/Lib/GCC/\libarm_cortexM0l_math.a
LOAD C:\Users\Mikkel\AppData\Local\Temp\arduino\sketches\F38EEDE96C581C7EBC022A43AFCE7007/..\..\cores\arduino_samd_mkrvidor4000_f3e0bd6860e3a08d0a5370bc8333d944\core.a
END GROUP
LOAD c:/users/mikkel/appdata/local/arduino15/packages/arduino/tools/arm-none-eabi-gcc/7-2017q4/bin/../lib/gcc/arm-none-eabi/7.2.1/../../../../arm-none-eabi/lib/thumb/v6-m\libstdc++_nano.a
LOAD c:/users/mikkel/appdata/local/arduino15/packages/arduino/tools/arm-none-eabi-gcc/7-2017q4/bin/../lib/gcc/arm-none-eabi/7.2.1/../../../../arm-none-eabi/lib/thumb/v6-m\libm.a
START GROUP
LOAD c:/users/mikkel/appdata/local/arduino15/packages/arduino/tools/arm-none-eabi-gcc/7-2017q4/bin/../lib/gcc/arm-none-eabi/7.2.1/thumb/v6-m\libgcc.a
LOAD c:/users/mikkel/appdata/local/arduino15/packages/arduino/tools/arm-none-eabi-gcc/7-2017q4/bin/../lib/gcc/arm-none-eabi/7.2.1/../../../../arm-none-eabi/lib/thumb/v6-m\libc_nano.a
END GROUP
START GROUP
LOAD c:/users/mikkel/appdata/local/arduino15/packages/arduino/tools/arm-none-eabi-gcc/7-2017q4/bin/../lib/gcc/arm-none-eabi/7.2.1/thumb/v6-m\libgcc.a
LOAD c:/users/mikkel/appdata/local/arduino15/packages/arduino/tools/arm-none-eabi-gcc/7-2017q4/bin/../lib/gcc/arm-none-eabi/7.2.1/../../../../arm-none-eabi/lib/thumb/v6-m\libc_nano.a
LOAD c:/users/mikkel/appdata/local/arduino15/packages/arduino/tools/arm-none-eabi-gcc/7-2017q4/bin/../lib/gcc/arm-none-eabi/7.2.1/../../../../arm-none-eabi/lib/thumb/v6-m\libnosys.a
END GROUP
START GROUP
LOAD c:/users/mikkel/appdata/local/arduino15/packages/arduino/tools/arm-none-eabi-gcc/7-2017q4/bin/../lib/gcc/arm-none-eabi/7.2.1/thumb/v6-m\libgcc.a
LOAD c:/users/mikkel/appdata/local/arduino15/packages/arduino/tools/arm-none-eabi-gcc/7-2017q4/bin/../lib/gcc/arm-none-eabi/7.2.1/../../../../arm-none-eabi/lib/thumb/v6-m\libc_nano.a
LOAD c:/users/mikkel/appdata/local/arduino15/packages/arduino/tools/arm-none-eabi-gcc/7-2017q4/bin/../lib/gcc/arm-none-eabi/7.2.1/../../../../arm-none-eabi/lib/thumb/v6-m\libnosys.a
END GROUP
LOAD c:/users/mikkel/appdata/local/arduino15/packages/arduino/tools/arm-none-eabi-gcc/7-2017q4/bin/../lib/gcc/arm-none-eabi/7.2.1/thumb/v6-m/crtend.o
LOAD c:/users/mikkel/appdata/local/arduino15/packages/arduino/tools/arm-none-eabi-gcc/7-2017q4/bin/../lib/gcc/arm-none-eabi/7.2.1/thumb/v6-m/crtn.o

.text           0x00002000     0x4e04
                0x00002000                __text_start__ = .
 *(.sketch_boot)
                0x00002000                . = ALIGN (0x2000)
 *(.isr_vector)
 .isr_vector    0x00002000       0xb4 C:\Users\Mikkel\AppData\Local\Temp\arduino\sketches\F38EEDE96C581C7EBC022A43AFCE7007/..\..\cores\arduino_samd_mkrvidor4000_f3e0bd6860e3a08d0a5370bc8333d944\core.a(cortex_handlers.c.o)
                0x00002000                exception_table
 *(.text*)
 .text          0x000020b4       0x48 c:/users/mikkel/appdata/local/arduino15/packages/arduino/tools/arm-none-eabi-gcc/7-2017q4/bin/../lib/gcc/arm-none-eabi/7.2.1/thumb/v6-m/crtbegin.o
 .text.setup    0x000020fc       0x14 C:\Users\Mikkel\AppData\Local\Temp\arduino\sketches\F38EEDE96C581C7EBC022A43AFCE7007\sketch\Potentiometer_test.ino.cpp.o
                0x000020fc                setup
 .text.loop     0x00002110       0x40 C:\Users\Mikkel\AppData\Local\Temp\arduino\sketches\F38EEDE96C581C7EBC022A43AFCE7007\sketch\Potentiometer_test.ino.cpp.o
                0x00002110                loop
 .text.startFPGA
                0x00002150        0x2 C:\Users\Mikkel\AppData\Local\Temp\arduino\sketches\F38EEDE96C581C7EBC022A43AFCE7007\core\variant.cpp.o
                0x00002150                startFPGA
 *fill*         0x00002152        0x2 
 .text.initVariant
                0x00002154       0x5c C:\Users\Mikkel\AppData\Local\Temp\arduino\sketches\F38EEDE96C581C7EBC022A43AFCE7007\core\variant.cpp.o
                0x00002154                initVariant
 .text.SERCOM5_Handler
                0x000021b0       0x10 C:\Users\Mikkel\AppData\Local\Temp\arduino\sketches\F38EEDE96C581C7EBC022A43AFCE7007\core\variant.cpp.o
                0x000021b0                SERCOM5_Handler
 .text.startup._GLOBAL__sub_I_g_APinDescription
                0x000021c0       0x80 C:\Users\Mikkel\AppData\Local\Temp\arduino\sketches\F38EEDE96C581C7EBC022A43AFCE7007\core\variant.cpp.o
 .text._ZN6SERCOMC2EP6Sercom
                0x00002240        0x8 C:\Users\Mikkel\AppData\Local\Temp\arduino\sketches\F38EEDE96C581C7EBC022A43AFCE7007/..\..\cores\arduino_samd_mkrvidor4000_f3e0bd6860e3a08d0a5370bc8333d944\core.a(SERCOM.cpp.o)
                0x00002240                SERCOM::SERCOM(Sercom*)
                0x00002240                SERCOM::SERCOM(Sercom*)
 .text._ZN6SERCOM9initFrameE18SercomUartCharSize15SercomDataOrder16SercomParityMode19SercomNumberStopBit
                0x00002248       0x3a C:\Users\Mikkel\AppData\Local\Temp\arduino\sketches\F38EEDE96C581C7EBC022A43AFCE7007/..\..\cores\arduino_samd_mkrvidor4000_f3e0bd6860e3a08d0a5370bc8333d944\core.a(SERCOM.cpp.o)
                0x00002248                SERCOM::initFrame(SercomUartCharSize, SercomDataOrder, SercomParityMode, SercomNumberStopBit)
 .text._ZN6SERCOM8initPadsE15SercomUartTXPad11SercomRXPad
                0x00002282       0x26 C:\Users\Mikkel\AppData\Local\Temp\arduino\sketches\F38EEDE96C581C7EBC022A43AFCE7007/..\..\cores\arduino_samd_mkrvidor4000_f3e0bd6860e3a08d0a5370bc8333d944\core.a(SERCOM.cpp.o)
                0x00002282                SERCOM::initPads(SercomUartTXPad, SercomRXPad)
 .text._ZN6SERCOM9resetUARTEv
                0x000022a8       0x1a C:\Users\Mikkel\AppData\Local\Temp\arduino\sketches\F38EEDE96C581C7EBC022A43AFCE7007/..\..\cores\arduino_samd_mkrvidor4000_f3e0bd6860e3a08d0a5370bc8333d944\core.a(SERCOM.cpp.o)
                0x000022a8                SERCOM::resetUART()
 .text._ZN6SERCOM10enableUARTEv
                0x000022c2       0x14 C:\Users\Mikkel\AppData\Local\Temp\arduino\sketches\F38EEDE96C581C7EBC022A43AFCE7007/..\..\cores\arduino_samd_mkrvidor4000_f3e0bd6860e3a08d0a5370bc8333d944\core.a(SERCOM.cpp.o)
                0x000022c2                SERCOM::enableUART()
 .text._ZN6SERCOM9flushUARTEv
                0x000022d6       0x14 C:\Users\Mikkel\AppData\Local\Temp\arduino\sketches\F38EEDE96C581C7EBC022A43AFCE7007/..\..\cores\arduino_samd_mkrvidor4000_f3e0bd6860e3a08d0a5370bc8333d944\core.a(SERCOM.cpp.o)
                0x000022d6                SERCOM::flushUART()
 .text._ZN6SERCOM15clearStatusUARTEv
                0x000022ea        0x8 C:\Users\Mikkel\AppData\Local\Temp\arduino\sketches\F38EEDE96C581C7EBC022A43AFCE7007/..\..\cores\arduino_samd_mkrvidor4000_f3e0bd6860e3a08d0a5370bc8333d944\core.a(SERCOM.cpp.o)
                0x000022ea                SERCOM::clearStatusUART()
 .text._ZN6SERCOM17availableDataUARTEv
                0x000022f2        0xa C:\Users\Mikkel\AppData\Local\Temp\arduino\sketches\F38EEDE96C581C7EBC022A43AFCE7007/..\..\cores\arduino_samd_mkrvidor4000_f3e0bd6860e3a08d0a5370bc8333d944\core.a(SERCOM.cpp.o)
                0x000022f2                SERCOM::availableDataUART()
 .text._ZN6SERCOM11isUARTErrorEv
                0x000022fc        0x8 C:\Users\Mikkel\AppData\Local\Temp\arduino\sketches\F38EEDE96C581C7EBC022A43AFCE7007/..\..\cores\arduino_samd_mkrvidor4000_f3e0bd6860e3a08d0a5370bc8333d944\core.a(SERCOM.cpp.o)
                0x000022fc                SERCOM::isUARTError()
 .text._ZN6SERCOM20acknowledgeUARTErrorEv
                0x00002304        0xe C:\Users\Mikkel\AppData\Local\Temp\arduino\sketches\F38EEDE96C581C7EBC022A43AFCE7007/..\..\cores\arduino_samd_mkrvidor4000_f3e0bd6860e3a08d0a5370bc8333d944\core.a(SERCOM.cpp.o)
                0x00002304                SERCOM::acknowledgeUARTError()
 .text._ZN6SERCOM16isFrameErrorUARTEv
                0x00002312        0xa C:\Users\Mikkel\AppData\Local\Temp\arduino\sketches\F38EEDE96C581C7EBC022A43AFCE7007/..\..\cores\arduino_samd_mkrvidor4000_f3e0bd6860e3a08d0a5370bc8333d944\core.a(SERCOM.cpp.o)
                0x00002312                SERCOM::isFrameErrorUART()
 .text._ZN6SERCOM19clearFrameErrorUARTEv
                0x0000231c        0xc C:\Users\Mikkel\AppData\Local\Temp\arduino\sketches\F38EEDE96C581C7EBC022A43AFCE7007/..\..\cores\arduino_samd_mkrvidor4000_f3e0bd6860e3a08d0a5370bc8333d944\core.a(SERCOM.cpp.o)
                0x0000231c                SERCOM::clearFrameErrorUART()
 .text._ZN6SERCOM23isDataRegisterEmptyUARTEv
                0x00002328        0xa C:\Users\Mikkel\AppData\Local\Temp\arduino\sketches\F38EEDE96C581C7EBC022A43AFCE7007/..\..\cores\arduino_samd_mkrvidor4000_f3e0bd6860e3a08d0a5370bc8333d944\core.a(SERCOM.cpp.o)
                0x00002328                SERCOM::isDataRegisterEmptyUART()
 .text._ZN6SERCOM12readDataUARTEv
                0x00002332        0x8 C:\Users\Mikkel\AppData\Local\Temp\arduino\sketches\F38EEDE96C581C7EBC022A43AFCE7007/..\..\cores\arduino_samd_mkrvidor4000_f3e0bd6860e3a08d0a5370bc8333d944\core.a(SERCOM.cpp.o)
                0x00002332                SERCOM::readDataUART()
 .text._ZN6SERCOM13writeDataUARTEh
                0x0000233a       0x14 C:\Users\Mikkel\AppData\Local\Temp\arduino\sketches\F38EEDE96C581C7EBC022A43AFCE7007/..\..\cores\arduino_samd_mkrvidor4000_f3e0bd6860e3a08d0a5370bc8333d944\core.a(SERCOM.cpp.o)
                0x0000233a                SERCOM::writeDataUART(unsigned char)
 .text._ZN6SERCOM36enableDataRegisterEmptyInterruptUARTEv
                0x0000234e        0x8 C:\Users\Mikkel\AppData\Local\Temp\arduino\sketches\F38EEDE96C581C7EBC022A43AFCE7007/..\..\cores\arduino_samd_mkrvidor4000_f3e0bd6860e3a08d0a5370bc8333d944\core.a(SERCOM.cpp.o)
                0x0000234e                SERCOM::enableDataRegisterEmptyInterruptUART()
 .text._ZN6SERCOM37disableDataRegisterEmptyInterruptUARTEv
                0x00002356        0x8 C:\Users\Mikkel\AppData\Local\Temp\arduino\sketches\F38EEDE96C581C7EBC022A43AFCE7007/..\..\cores\arduino_samd_mkrvidor4000_f3e0bd6860e3a08d0a5370bc8333d944\core.a(SERCOM.cpp.o)
                0x00002356                SERCOM::disableDataRegisterEmptyInterruptUART()
 .text._ZN6SERCOM9resetWIREEv
                0x0000235e       0x1a C:\Users\Mikkel\AppData\Local\Temp\arduino\sketches\F38EEDE96C581C7EBC022A43AFCE7007/..\..\cores\arduino_samd_mkrvidor4000_f3e0bd6860e3a08d0a5370bc8333d944\core.a(SERCOM.cpp.o)
                0x0000235e                SERCOM::resetWIRE()
 .text._ZN6SERCOM10enableWIREEv
                0x00002378       0x2a C:\Users\Mikkel\AppData\Local\Temp\arduino\sketches\F38EEDE96C581C7EBC022A43AFCE7007/..\..\cores\arduino_samd_mkrvidor4000_f3e0bd6860e3a08d0a5370bc8333d944\core.a(SERCOM.cpp.o)
                0x00002378                SERCOM::enableWIRE()
 .text._ZN6SERCOM11disableWIREEv
                0x000023a2       0x14 C:\Users\Mikkel\AppData\Local\Temp\arduino\sketches\F38EEDE96C581C7EBC022A43AFCE7007/..\..\cores\arduino_samd_mkrvidor4000_f3e0bd6860e3a08d0a5370bc8333d944\core.a(SERCOM.cpp.o)
                0x000023a2                SERCOM::disableWIRE()
 *fill*         0x000023b6        0x2 
 .text._ZN6SERCOM22prepareCommandBitsWireEh
                0x000023b8       0x2c C:\Users\Mikkel\AppData\Local\Temp\arduino\sketches\F38EEDE96C581C7EBC022A43AFCE7007/..\..\cores\arduino_samd_mkrvidor4000_f3e0bd6860e3a08d0a5370bc8333d944\core.a(SERCOM.cpp.o)
                0x000023b8                SERCOM::prepareCommandBitsWire(unsigned char)
 .text._ZN6SERCOM21startTransmissionWIREEh23SercomWireReadWriteFlag
                0x000023e4       0x84 C:\Users\Mikkel\AppData\Local\Temp\arduino\sketches\F38EEDE96C581C7EBC022A43AFCE7007/..\..\cores\arduino_samd_mkrvidor4000_f3e0bd6860e3a08d0a5370bc8333d944\core.a(SERCOM.cpp.o)
                0x000023e4                SERCOM::startTransmissionWIRE(unsigned char, SercomWireReadWriteFlag)
 .text._ZN6SERCOM18sendDataMasterWIREEh
                0x00002468       0x30 C:\Users\Mikkel\AppData\Local\Temp\arduino\sketches\F38EEDE96C581C7EBC022A43AFCE7007/..\..\cores\arduino_samd_mkrvidor4000_f3e0bd6860e3a08d0a5370bc8333d944\core.a(SERCOM.cpp.o)
                0x00002468                SERCOM::sendDataMasterWIRE(unsigned char)
 .text._ZN6SERCOM13initClockNVICEv
                0x00002498       0xa8 C:\Users\Mikkel\AppData\Local\Temp\arduino\sketches\F38EEDE96C581C7EBC022A43AFCE7007/..\..\cores\arduino_samd_mkrvidor4000_f3e0bd6860e3a08d0a5370bc8333d944\core.a(SERCOM.cpp.o)
                0x00002498                SERCOM::initClockNVIC()
 .text._ZN6SERCOM8initUARTE14SercomUartMode20SercomUartSampleRatem
                0x00002540       0x6c C:\Users\Mikkel\AppData\Local\Temp\arduino\sketches\F38EEDE96C581C7EBC022A43AFCE7007/..\..\cores\arduino_samd_mkrvidor4000_f3e0bd6860e3a08d0a5370bc8333d944\core.a(SERCOM.cpp.o)
                0x00002540                SERCOM::initUART(SercomUartMode, SercomUartSampleRate, unsigned long)
 .text._ZN6SERCOM14initMasterWIREEm
                0x000025ac       0x54 C:\Users\Mikkel\AppData\Local\Temp\arduino\sketches\F38EEDE96C581C7EBC022A43AFCE7007/..\..\cores\arduino_samd_mkrvidor4000_f3e0bd6860e3a08d0a5370bc8333d944\core.a(SERCOM.cpp.o)
                0x000025ac                SERCOM::initMasterWIRE(unsigned long)
 .text._ZN7Serial_13getDescriptorERN7arduino8USBSetupE
                0x00002600        0x4 C:\Users\Mikkel\AppData\Local\Temp\arduino\sketches\F38EEDE96C581C7EBC022A43AFCE7007/..\..\cores\arduino_samd_mkrvidor4000_f3e0bd6860e3a08d0a5370bc8333d944\core.a(CDC.cpp.o)
                0x00002600                Serial_::getDescriptor(arduino::USBSetup&)
 .text._ZL5utox8mPc
                0x00002604       0x24 C:\Users\Mikkel\AppData\Local\Temp\arduino\sketches\F38EEDE96C581C7EBC022A43AFCE7007/..\..\cores\arduino_samd_mkrvidor4000_f3e0bd6860e3a08d0a5370bc8333d944\core.a(CDC.cpp.o)
 .text._ZN7Serial_12getShortNameEPc
                0x00002628       0x44 C:\Users\Mikkel\AppData\Local\Temp\arduino\sketches\F38EEDE96C581C7EBC022A43AFCE7007/..\..\cores\arduino_samd_mkrvidor4000_f3e0bd6860e3a08d0a5370bc8333d944\core.a(CDC.cpp.o)
                0x00002628                Serial_::getShortName(char*)
 .text._ZThn16_N7Serial_12getShortNameEPc
                0x0000266c       0x10 C:\Users\Mikkel\AppData\Local\Temp\arduino\sketches\F38EEDE96C581C7EBC022A43AFCE7007/..\..\cores\arduino_samd_mkrvidor4000_f3e0bd6860e3a08d0a5370bc8333d944\core.a(CDC.cpp.o)
                0x0000266c                non-virtual thunk to Serial_::getShortName(char*)
 .text._ZN7Serial_17availableForWriteEv
                0x0000267c        0x4 C:\Users\Mikkel\AppData\Local\Temp\arduino\sketches\F38EEDE96C581C7EBC022A43AFCE7007/..\..\cores\arduino_samd_mkrvidor4000_f3e0bd6860e3a08d0a5370bc8333d944\core.a(CDC.cpp.o)
                0x0000267c                Serial_::availableForWrite()
 .text._ZN7Serial_5writeEh
                0x00002680       0x14 C:\Users\Mikkel\AppData\Local\Temp\arduino\sketches\F38EEDE96C581C7EBC022A43AFCE7007/..\..\cores\arduino_samd_mkrvidor4000_f3e0bd6860e3a08d0a5370bc8333d944\core.a(CDC.cpp.o)
                0x00002680                Serial_::write(unsigned char)
 .text._ZN7Serial_12getInterfaceEPh
                0x00002694      0x11c C:\Users\Mikkel\AppData\Local\Temp\arduino\sketches\F38EEDE96C581C7EBC022A43AFCE7007/..\..\cores\arduino_samd_mkrvidor4000_f3e0bd6860e3a08d0a5370bc8333d944\core.a(CDC.cpp.o)
                0x00002694                Serial_::getInterface(unsigned char*)
 .text._ZThn16_N7Serial_12getInterfaceEPh
                0x000027b0       0x10 C:\Users\Mikkel\AppData\Local\Temp\arduino\sketches\F38EEDE96C581C7EBC022A43AFCE7007/..\..\cores\arduino_samd_mkrvidor4000_f3e0bd6860e3a08d0a5370bc8333d944\core.a(CDC.cpp.o)
                0x000027b0                non-virtual thunk to Serial_::getInterface(unsigned char*)
 .text._ZN7Serial_5setupERN7arduino8USBSetupE
                0x000027c0       0x98 C:\Users\Mikkel\AppData\Local\Temp\arduino\sketches\F38EEDE96C581C7EBC022A43AFCE7007/..\..\cores\arduino_samd_mkrvidor4000_f3e0bd6860e3a08d0a5370bc8333d944\core.a(CDC.cpp.o)
                0x000027c0                Serial_::setup(arduino::USBSetup&)
 .text._ZThn16_N7Serial_5setupERN7arduino8USBSetupE
                0x00002858       0x10 C:\Users\Mikkel\AppData\Local\Temp\arduino\sketches\F38EEDE96C581C7EBC022A43AFCE7007/..\..\cores\arduino_samd_mkrvidor4000_f3e0bd6860e3a08d0a5370bc8333d944\core.a(CDC.cpp.o)
                0x00002858                non-virtual thunk to Serial_::setup(arduino::USBSetup&)
 .text._ZN7Serial_9availableEv
                0x00002868       0x20 C:\Users\Mikkel\AppData\Local\Temp\arduino\sketches\F38EEDE96C581C7EBC022A43AFCE7007/..\..\cores\arduino_samd_mkrvidor4000_f3e0bd6860e3a08d0a5370bc8333d944\core.a(CDC.cpp.o)
                0x00002868                Serial_::available()
 .text._ZN7Serial_5flushEv
                0x00002888        0xe C:\Users\Mikkel\AppData\Local\Temp\arduino\sketches\F38EEDE96C581C7EBC022A43AFCE7007/..\..\cores\arduino_samd_mkrvidor4000_f3e0bd6860e3a08d0a5370bc8333d944\core.a(CDC.cpp.o)
                0x00002888                Serial_::flush()
 .text._ZN7Serial_5clearEv
                0x00002896        0xe C:\Users\Mikkel\AppData\Local\Temp\arduino\sketches\F38EEDE96C581C7EBC022A43AFCE7007/..\..\cores\arduino_samd_mkrvidor4000_f3e0bd6860e3a08d0a5370bc8333d944\core.a(CDC.cpp.o)
                0x00002896                Serial_::clear()
 .text._ZN7Serial_5writeEPKhj
                0x000028a4       0x1e C:\Users\Mikkel\AppData\Local\Temp\arduino\sketches\F38EEDE96C581C7EBC022A43AFCE7007/..\..\cores\arduino_samd_mkrvidor4000_f3e0bd6860e3a08d0a5370bc8333d944\core.a(CDC.cpp.o)
                0x000028a4                Serial_::write(unsigned char const*, unsigned int)
 *fill*         0x000028c2        0x2 
 .text._ZN7Serial_4peekEv
                0x000028c4       0x1c C:\Users\Mikkel\AppData\Local\Temp\arduino\sketches\F38EEDE96C581C7EBC022A43AFCE7007/..\..\cores\arduino_samd_mkrvidor4000_f3e0bd6860e3a08d0a5370bc8333d944\core.a(CDC.cpp.o)
                0x000028c4                Serial_::peek()
 .text._ZN7Serial_4readEv
                0x000028e0       0x24 C:\Users\Mikkel\AppData\Local\Temp\arduino\sketches\F38EEDE96C581C7EBC022A43AFCE7007/..\..\cores\arduino_samd_mkrvidor4000_f3e0bd6860e3a08d0a5370bc8333d944\core.a(CDC.cpp.o)
                0x000028e0                Serial_::read()
 .text._ZThn16_N7Serial_13getDescriptorERN7arduino8USBSetupE
                0x00002904        0x4 C:\Users\Mikkel\AppData\Local\Temp\arduino\sketches\F38EEDE96C581C7EBC022A43AFCE7007/..\..\cores\arduino_samd_mkrvidor4000_f3e0bd6860e3a08d0a5370bc8333d944\core.a(CDC.cpp.o)
                0x00002904                non-virtual thunk to Serial_::getDescriptor(arduino::USBSetup&)
 .text.resetExternalChip
                0x00002908        0x2 C:\Users\Mikkel\AppData\Local\Temp\arduino\sketches\F38EEDE96C581C7EBC022A43AFCE7007/..\..\cores\arduino_samd_mkrvidor4000_f3e0bd6860e3a08d0a5370bc8333d944\core.a(CDC.cpp.o)
                0x00002908                resetExternalChip
 .text._ZN7Serial_14handleEndpointEi
                0x0000290a        0x2 C:\Users\Mikkel\AppData\Local\Temp\arduino\sketches\F38EEDE96C581C7EBC022A43AFCE7007/..\..\cores\arduino_samd_mkrvidor4000_f3e0bd6860e3a08d0a5370bc8333d944\core.a(CDC.cpp.o)
                0x0000290a                Serial_::handleEndpoint(int)
 .text._ZN7Serial_C2ER14USBDeviceClass
                0x0000290c       0x50 C:\Users\Mikkel\AppData\Local\Temp\arduino\sketches\F38EEDE96C581C7EBC022A43AFCE7007/..\..\cores\arduino_samd_mkrvidor4000_f3e0bd6860e3a08d0a5370bc8333d944\core.a(CDC.cpp.o)
                0x0000290c                Serial_::Serial_(USBDeviceClass&)
                0x0000290c                Serial_::Serial_(USBDeviceClass&)
 .text._ZN7Serial_15enableInterruptEv
                0x0000295c       0x30 C:\Users\Mikkel\AppData\Local\Temp\arduino\sketches\F38EEDE96C581C7EBC022A43AFCE7007/..\..\cores\arduino_samd_mkrvidor4000_f3e0bd6860e3a08d0a5370bc8333d944\core.a(CDC.cpp.o)
                0x0000295c                Serial_::enableInterrupt()
 .text._ZN7Serial_5beginEm
                0x0000298c        0x2 C:\Users\Mikkel\AppData\Local\Temp\arduino\sketches\F38EEDE96C581C7EBC022A43AFCE7007/..\..\cores\arduino_samd_mkrvidor4000_f3e0bd6860e3a08d0a5370bc8333d944\core.a(CDC.cpp.o)
                0x0000298c                Serial_::begin(unsigned long)
 *fill*         0x0000298e        0x2 
 .text.startup._GLOBAL__sub_I__ZN7Serial_12getInterfaceEPh
                0x00002990       0x14 C:\Users\Mikkel\AppData\Local\Temp\arduino\sketches\F38EEDE96C581C7EBC022A43AFCE7007/..\..\cores\arduino_samd_mkrvidor4000_f3e0bd6860e3a08d0a5370bc8333d944\core.a(CDC.cpp.o)
 .text._ZN26DoubleBufferedEPOutHandlerD2Ev
                0x000029a4        0x2 C:\Users\Mikkel\AppData\Local\Temp\arduino\sketches\F38EEDE96C581C7EBC022A43AFCE7007/..\..\cores\arduino_samd_mkrvidor4000_f3e0bd6860e3a08d0a5370bc8333d944\core.a(USBCore.cpp.o)
                0x000029a4                DoubleBufferedEPOutHandler::~DoubleBufferedEPOutHandler()
                0x000029a4                DoubleBufferedEPOutHandler::~DoubleBufferedEPOutHandler()
 .text._ZN26DoubleBufferedEPOutHandlerD0Ev
                0x000029a6        0xc C:\Users\Mikkel\AppData\Local\Temp\arduino\sketches\F38EEDE96C581C7EBC022A43AFCE7007/..\..\cores\arduino_samd_mkrvidor4000_f3e0bd6860e3a08d0a5370bc8333d944\core.a(USBCore.cpp.o)
                0x000029a6                DoubleBufferedEPOutHandler::~DoubleBufferedEPOutHandler()
 *fill*         0x000029b2        0x2 
 .text._ZN14USBDeviceClass6initEPEmm.part.7
                0x000029b4       0xc4 C:\Users\Mikkel\AppData\Local\Temp\arduino\sketches\F38EEDE96C581C7EBC022A43AFCE7007/..\..\cores\arduino_samd_mkrvidor4000_f3e0bd6860e3a08d0a5370bc8333d944\core.a(USBCore.cpp.o)
 .text._ZN7__GuardC2Ev
                0x00002a78        0xe C:\Users\Mikkel\AppData\Local\Temp\arduino\sketches\F38EEDE96C581C7EBC022A43AFCE7007/..\..\cores\arduino_samd_mkrvidor4000_f3e0bd6860e3a08d0a5370bc8333d944\core.a(USBCore.cpp.o)
                0x00002a78                __Guard::__Guard()
                0x00002a78                __Guard::__Guard()
 .text._ZN7__GuardD2Ev
                0x00002a86        0xe C:\Users\Mikkel\AppData\Local\Temp\arduino\sketches\F38EEDE96C581C7EBC022A43AFCE7007/..\..\cores\arduino_samd_mkrvidor4000_f3e0bd6860e3a08d0a5370bc8333d944\core.a(USBCore.cpp.o)
                0x00002a86                __Guard::~__Guard()
                0x00002a86                __Guard::~__Guard()
 .text._ZNK26DoubleBufferedEPOutHandler10_availableEv
                0x00002a94       0x70 C:\Users\Mikkel\AppData\Local\Temp\arduino\sketches\F38EEDE96C581C7EBC022A43AFCE7007/..\..\cores\arduino_samd_mkrvidor4000_f3e0bd6860e3a08d0a5370bc8333d944\core.a(USBCore.cpp.o)
                0x00002a94                DoubleBufferedEPOutHandler::_available() const
 .text._ZN26DoubleBufferedEPOutHandler7releaseEv
                0x00002b04       0x38 C:\Users\Mikkel\AppData\Local\Temp\arduino\sketches\F38EEDE96C581C7EBC022A43AFCE7007/..\..\cores\arduino_samd_mkrvidor4000_f3e0bd6860e3a08d0a5370bc8333d944\core.a(USBCore.cpp.o)
                0x00002b04                DoubleBufferedEPOutHandler::release()
 .text._ZN26DoubleBufferedEPOutHandler14handleEndpointEv
                0x00002b3c       0xe2 C:\Users\Mikkel\AppData\Local\Temp\arduino\sketches\F38EEDE96C581C7EBC022A43AFCE7007/..\..\cores\arduino_samd_mkrvidor4000_f3e0bd6860e3a08d0a5370bc8333d944\core.a(USBCore.cpp.o)
                0x00002b3c                DoubleBufferedEPOutHandler::handleEndpoint()
 .text._ZN14USBDeviceClass14SendInterfacesEPm
                0x00002c1e       0x20 C:\Users\Mikkel\AppData\Local\Temp\arduino\sketches\F38EEDE96C581C7EBC022A43AFCE7007/..\..\cores\arduino_samd_mkrvidor4000_f3e0bd6860e3a08d0a5370bc8333d944\core.a(USBCore.cpp.o)
                0x00002c1e                USBDeviceClass::SendInterfaces(unsigned long*)
 *fill*         0x00002c3e        0x2 
 .text._ZN14USBDeviceClass4initEv
                0x00002c40      0x15c C:\Users\Mikkel\AppData\Local\Temp\arduino\sketches\F38EEDE96C581C7EBC022A43AFCE7007/..\..\cores\arduino_samd_mkrvidor4000_f3e0bd6860e3a08d0a5370bc8333d944\core.a(USBCore.cpp.o)
                0x00002c40                USBDeviceClass::init()
 .text._ZN14USBDeviceClass6attachEv
                0x00002d9c       0x34 C:\Users\Mikkel\AppData\Local\Temp\arduino\sketches\F38EEDE96C581C7EBC022A43AFCE7007/..\..\cores\arduino_samd_mkrvidor4000_f3e0bd6860e3a08d0a5370bc8333d944\core.a(USBCore.cpp.o)
                0x00002d9c                USBDeviceClass::attach()
 .text._ZN14USBDeviceClass10setAddressEm
                0x00002dd0       0x48 C:\Users\Mikkel\AppData\Local\Temp\arduino\sketches\F38EEDE96C581C7EBC022A43AFCE7007/..\..\cores\arduino_samd_mkrvidor4000_f3e0bd6860e3a08d0a5370bc8333d944\core.a(USBCore.cpp.o)
                0x00002dd0                USBDeviceClass::setAddress(unsigned long)
 .text._ZN14USBDeviceClass25handleClassInterfaceSetupERN7arduino8USBSetupE
                0x00002e18       0x24 C:\Users\Mikkel\AppData\Local\Temp\arduino\sketches\F38EEDE96C581C7EBC022A43AFCE7007/..\..\cores\arduino_samd_mkrvidor4000_f3e0bd6860e3a08d0a5370bc8333d944\core.a(USBCore.cpp.o)
                0x00002e18                USBDeviceClass::handleClassInterfaceSetup(arduino::USBSetup&)
 .text._ZN14USBDeviceClass6initEPEmm
                0x00002e3c      0x10c C:\Users\Mikkel\AppData\Local\Temp\arduino\sketches\F38EEDE96C581C7EBC022A43AFCE7007/..\..\cores\arduino_samd_mkrvidor4000_f3e0bd6860e3a08d0a5370bc8333d944\core.a(USBCore.cpp.o)
                0x00002e3c                USBDeviceClass::initEP(unsigned long, unsigned long)
 .text._ZN14USBDeviceClass13initEndpointsEv
                0x00002f48       0x24 C:\Users\Mikkel\AppData\Local\Temp\arduino\sketches\F38EEDE96C581C7EBC022A43AFCE7007/..\..\cores\arduino_samd_mkrvidor4000_f3e0bd6860e3a08d0a5370bc8333d944\core.a(USBCore.cpp.o)
                0x00002f48                USBDeviceClass::initEndpoints()
 .text._ZN14USBDeviceClass5clearEm
                0x00002f6c       0x38 C:\Users\Mikkel\AppData\Local\Temp\arduino\sketches\F38EEDE96C581C7EBC022A43AFCE7007/..\..\cores\arduino_samd_mkrvidor4000_f3e0bd6860e3a08d0a5370bc8333d944\core.a(USBCore.cpp.o)
                0x00002f6c                USBDeviceClass::clear(unsigned long)
 .text._ZN14USBDeviceClass9availableEm
                0x00002fa4       0x2c C:\Users\Mikkel\AppData\Local\Temp\arduino\sketches\F38EEDE96C581C7EBC022A43AFCE7007/..\..\cores\arduino_samd_mkrvidor4000_f3e0bd6860e3a08d0a5370bc8333d944\core.a(USBCore.cpp.o)
                0x00002fa4                USBDeviceClass::available(unsigned long)
 .text._ZN14USBDeviceClass5flushEm
                0x00002fd0       0x2c C:\Users\Mikkel\AppData\Local\Temp\arduino\sketches\F38EEDE96C581C7EBC022A43AFCE7007/..\..\cores\arduino_samd_mkrvidor4000_f3e0bd6860e3a08d0a5370bc8333d944\core.a(USBCore.cpp.o)
                0x00002fd0                USBDeviceClass::flush(unsigned long)
 .text._ZN14USBDeviceClass4recvEmPvm
                0x00002ffc       0xc0 C:\Users\Mikkel\AppData\Local\Temp\arduino\sketches\F38EEDE96C581C7EBC022A43AFCE7007/..\..\cores\arduino_samd_mkrvidor4000_f3e0bd6860e3a08d0a5370bc8333d944\core.a(USBCore.cpp.o)
                0x00002ffc                USBDeviceClass::recv(unsigned long, void*, unsigned long)
 .text._ZN14USBDeviceClass4recvEm
                0x000030bc       0x1c C:\Users\Mikkel\AppData\Local\Temp\arduino\sketches\F38EEDE96C581C7EBC022A43AFCE7007/..\..\cores\arduino_samd_mkrvidor4000_f3e0bd6860e3a08d0a5370bc8333d944\core.a(USBCore.cpp.o)
                0x000030bc                USBDeviceClass::recv(unsigned long)
 .text._ZN14USBDeviceClass14armRecvCtrlOUTEm
                0x000030d8       0x5c C:\Users\Mikkel\AppData\Local\Temp\arduino\sketches\F38EEDE96C581C7EBC022A43AFCE7007/..\..\cores\arduino_samd_mkrvidor4000_f3e0bd6860e3a08d0a5370bc8333d944\core.a(USBCore.cpp.o)
                0x000030d8                USBDeviceClass::armRecvCtrlOUT(unsigned long)
 .text._ZN14USBDeviceClass11recvControlEPvm
                0x00003134       0x28 C:\Users\Mikkel\AppData\Local\Temp\arduino\sketches\F38EEDE96C581C7EBC022A43AFCE7007/..\..\cores\arduino_samd_mkrvidor4000_f3e0bd6860e3a08d0a5370bc8333d944\core.a(USBCore.cpp.o)
                0x00003134                USBDeviceClass::recvControl(void*, unsigned long)
 .text._ZN14USBDeviceClass4sendEmPKvm
                0x0000315c      0x10c C:\Users\Mikkel\AppData\Local\Temp\arduino\sketches\F38EEDE96C581C7EBC022A43AFCE7007/..\..\cores\arduino_samd_mkrvidor4000_f3e0bd6860e3a08d0a5370bc8333d944\core.a(USBCore.cpp.o)
                0x0000315c                USBDeviceClass::send(unsigned long, void const*, unsigned long)
 .text._ZN14USBDeviceClass7armSendEmPKvm
                0x00003268       0x48 C:\Users\Mikkel\AppData\Local\Temp\arduino\sketches\F38EEDE96C581C7EBC022A43AFCE7007/..\..\cores\arduino_samd_mkrvidor4000_f3e0bd6860e3a08d0a5370bc8333d944\core.a(USBCore.cpp.o)
                0x00003268                USBDeviceClass::armSend(unsigned long, void const*, unsigned long)
 .text._ZN14USBDeviceClass11sendControlEPKvm
                0x000032b0       0x54 C:\Users\Mikkel\AppData\Local\Temp\arduino\sketches\F38EEDE96C581C7EBC022A43AFCE7007/..\..\cores\arduino_samd_mkrvidor4000_f3e0bd6860e3a08d0a5370bc8333d944\core.a(USBCore.cpp.o)
                0x000032b0                USBDeviceClass::sendControl(void const*, unsigned long)
 .text._ZN14USBDeviceClass20sendStringDescriptorEPKhm
                0x00003304       0x64 C:\Users\Mikkel\AppData\Local\Temp\arduino\sketches\F38EEDE96C581C7EBC022A43AFCE7007/..\..\cores\arduino_samd_mkrvidor4000_f3e0bd6860e3a08d0a5370bc8333d944\core.a(USBCore.cpp.o)
                0x00003304                USBDeviceClass::sendStringDescriptor(unsigned char const*, unsigned long)
 .text._ZN14USBDeviceClass17sendConfigurationEm
                0x00003368       0x80 C:\Users\Mikkel\AppData\Local\Temp\arduino\sketches\F38EEDE96C581C7EBC022A43AFCE7007/..\..\cores\arduino_samd_mkrvidor4000_f3e0bd6860e3a08d0a5370bc8333d944\core.a(USBCore.cpp.o)
                0x00003368                USBDeviceClass::sendConfiguration(unsigned long)
 .text._ZN14USBDeviceClass14sendDescriptorERN7arduino8USBSetupE
                0x000033e8       0xd8 C:\Users\Mikkel\AppData\Local\Temp\arduino\sketches\F38EEDE96C581C7EBC022A43AFCE7007/..\..\cores\arduino_samd_mkrvidor4000_f3e0bd6860e3a08d0a5370bc8333d944\core.a(USBCore.cpp.o)
                0x000033e8                USBDeviceClass::sendDescriptor(arduino::USBSetup&)
 .text._ZN14USBDeviceClass7sendZlpEm
                0x000034c0       0x18 C:\Users\Mikkel\AppData\Local\Temp\arduino\sketches\F38EEDE96C581C7EBC022A43AFCE7007/..\..\cores\arduino_samd_mkrvidor4000_f3e0bd6860e3a08d0a5370bc8333d944\core.a(USBCore.cpp.o)
                0x000034c0                USBDeviceClass::sendZlp(unsigned long)
 .text._ZN14USBDeviceClass19handleStandardSetupERN7arduino8USBSetupE
                0x000034d8       0xf0 C:\Users\Mikkel\AppData\Local\Temp\arduino\sketches\F38EEDE96C581C7EBC022A43AFCE7007/..\..\cores\arduino_samd_mkrvidor4000_f3e0bd6860e3a08d0a5370bc8333d944\core.a(USBCore.cpp.o)
                0x000034d8                USBDeviceClass::handleStandardSetup(arduino::USBSetup&)
 .text._ZN14USBDeviceClass10ISRHandlerEv
                0x000035c8      0x108 C:\Users\Mikkel\AppData\Local\Temp\arduino\sketches\F38EEDE96C581C7EBC022A43AFCE7007/..\..\cores\arduino_samd_mkrvidor4000_f3e0bd6860e3a08d0a5370bc8333d944\core.a(USBCore.cpp.o)
                0x000035c8                USBDeviceClass::ISRHandler()
 .text.UDD_Handler
                0x000036d0       0x10 C:\Users\Mikkel\AppData\Local\Temp\arduino\sketches\F38EEDE96C581C7EBC022A43AFCE7007/..\..\cores\arduino_samd_mkrvidor4000_f3e0bd6860e3a08d0a5370bc8333d944\core.a(USBCore.cpp.o)
                0x000036d0                UDD_Handler
 .text._ZN7arduino13PluggableUSB_C2Ev
                0x000036e0       0x10 C:\Users\Mikkel\AppData\Local\Temp\arduino\sketches\F38EEDE96C581C7EBC022A43AFCE7007/..\..\cores\arduino_samd_mkrvidor4000_f3e0bd6860e3a08d0a5370bc8333d944\core.a(USBCore.cpp.o)
                0x000036e0                arduino::PluggableUSB_::PluggableUSB_()
                0x000036e0                arduino::PluggableUSB_::PluggableUSB_()
 .text._Z8epBufferj
                0x000036f0        0xc C:\Users\Mikkel\AppData\Local\Temp\arduino\sketches\F38EEDE96C581C7EBC022A43AFCE7007/..\..\cores\arduino_samd_mkrvidor4000_f3e0bd6860e3a08d0a5370bc8333d944\core.a(USBCore.cpp.o)
                0x000036f0                epBuffer(unsigned int)
 .text._ZN7arduino11RingBufferNILi64EE10store_charEh
                0x000036fc       0x1c C:\Users\Mikkel\AppData\Local\Temp\arduino\sketches\F38EEDE96C581C7EBC022A43AFCE7007/..\..\cores\arduino_samd_mkrvidor4000_f3e0bd6860e3a08d0a5370bc8333d944\core.a(USBCore.cpp.o)
                0x000036fc                arduino::RingBufferN<64>::store_char(unsigned char)
 .text._ZN26DoubleBufferedEPOutHandler5_recvEv
                0x00003718      0x15e C:\Users\Mikkel\AppData\Local\Temp\arduino\sketches\F38EEDE96C581C7EBC022A43AFCE7007/..\..\cores\arduino_samd_mkrvidor4000_f3e0bd6860e3a08d0a5370bc8333d944\core.a(USBCore.cpp.o)
                0x00003718                DoubleBufferedEPOutHandler::_recv()
 .text._ZN26DoubleBufferedEPOutHandler9availableEv
                0x00003876        0xc C:\Users\Mikkel\AppData\Local\Temp\arduino\sketches\F38EEDE96C581C7EBC022A43AFCE7007/..\..\cores\arduino_samd_mkrvidor4000_f3e0bd6860e3a08d0a5370bc8333d944\core.a(USBCore.cpp.o)
                0x00003876                DoubleBufferedEPOutHandler::available()
 .text._ZN26DoubleBufferedEPOutHandler4peekEv
                0x00003882       0x1c C:\Users\Mikkel\AppData\Local\Temp\arduino\sketches\F38EEDE96C581C7EBC022A43AFCE7007/..\..\cores\arduino_samd_mkrvidor4000_f3e0bd6860e3a08d0a5370bc8333d944\core.a(USBCore.cpp.o)
                0x00003882                DoubleBufferedEPOutHandler::peek()
 .text._ZN26DoubleBufferedEPOutHandler4recvEPvm
                0x0000389e       0x60 C:\Users\Mikkel\AppData\Local\Temp\arduino\sketches\F38EEDE96C581C7EBC022A43AFCE7007/..\..\cores\arduino_samd_mkrvidor4000_f3e0bd6860e3a08d0a5370bc8333d944\core.a(USBCore.cpp.o)
                0x0000389e                DoubleBufferedEPOutHandler::recv(void*, unsigned long)
 *fill*         0x000038fe        0x2 
 .text.startup._GLOBAL__sub_I_usbd
                0x00003900       0x10 C:\Users\Mikkel\AppData\Local\Temp\arduino\sketches\F38EEDE96C581C7EBC022A43AFCE7007/..\..\cores\arduino_samd_mkrvidor4000_f3e0bd6860e3a08d0a5370bc8333d944\core.a(USBCore.cpp.o)
 .text._ZN4UartcvbEv
                0x00003910        0x4 C:\Users\Mikkel\AppData\Local\Temp\arduino\sketches\F38EEDE96C581C7EBC022A43AFCE7007/..\..\cores\arduino_samd_mkrvidor4000_f3e0bd6860e3a08d0a5370bc8333d944\core.a(Uart.cpp.o)
                0x00003910                Uart::operator bool()
 .text._ZN4Uart5beginEm
                0x00003914       0x10 C:\Users\Mikkel\AppData\Local\Temp\arduino\sketches\F38EEDE96C581C7EBC022A43AFCE7007/..\..\cores\arduino_samd_mkrvidor4000_f3e0bd6860e3a08d0a5370bc8333d944\core.a(Uart.cpp.o)
                0x00003914                Uart::begin(unsigned long)
 .text._ZN4Uart9availableEv
                0x00003924        0x6 C:\Users\Mikkel\AppData\Local\Temp\arduino\sketches\F38EEDE96C581C7EBC022A43AFCE7007/..\..\cores\arduino_samd_mkrvidor4000_f3e0bd6860e3a08d0a5370bc8333d944\core.a(Uart.cpp.o)
                0x00003924                Uart::available()
 .text._ZN4Uart17availableForWriteEv
                0x0000392a       0x10 C:\Users\Mikkel\AppData\Local\Temp\arduino\sketches\F38EEDE96C581C7EBC022A43AFCE7007/..\..\cores\arduino_samd_mkrvidor4000_f3e0bd6860e3a08d0a5370bc8333d944\core.a(Uart.cpp.o)
                0x0000392a                Uart::availableForWrite()
 .text._ZN4Uart4peekEv
                0x0000393a       0x18 C:\Users\Mikkel\AppData\Local\Temp\arduino\sketches\F38EEDE96C581C7EBC022A43AFCE7007/..\..\cores\arduino_samd_mkrvidor4000_f3e0bd6860e3a08d0a5370bc8333d944\core.a(Uart.cpp.o)
                0x0000393a                Uart::peek()
 .text._ZN4Uart3endEv
                0x00003952       0x24 C:\Users\Mikkel\AppData\Local\Temp\arduino\sketches\F38EEDE96C581C7EBC022A43AFCE7007/..\..\cores\arduino_samd_mkrvidor4000_f3e0bd6860e3a08d0a5370bc8333d944\core.a(Uart.cpp.o)
                0x00003952                Uart::end()
 .text._ZN4Uart5flushEv
                0x00003976       0x16 C:\Users\Mikkel\AppData\Local\Temp\arduino\sketches\F38EEDE96C581C7EBC022A43AFCE7007/..\..\cores\arduino_samd_mkrvidor4000_f3e0bd6860e3a08d0a5370bc8333d944\core.a(Uart.cpp.o)
                0x00003976                Uart::flush()
 .text._ZN4Uart16extractNbStopBitEt
                0x0000398c        0xc C:\Users\Mikkel\AppData\Local\Temp\arduino\sketches\F38EEDE96C581C7EBC022A43AFCE7007/..\..\cores\arduino_samd_mkrvidor4000_f3e0bd6860e3a08d0a5370bc8333d944\core.a(Uart.cpp.o)
                0x0000398c                Uart::extractNbStopBit(unsigned short)
 .text._ZN4Uart15extractCharSizeEt
                0x00003998       0x28 C:\Users\Mikkel\AppData\Local\Temp\arduino\sketches\F38EEDE96C581C7EBC022A43AFCE7007/..\..\cores\arduino_samd_mkrvidor4000_f3e0bd6860e3a08d0a5370bc8333d944\core.a(Uart.cpp.o)
                0x00003998                Uart::extractCharSize(unsigned short)
 .text._ZN4Uart13extractParityEt
                0x000039c0       0x14 C:\Users\Mikkel\AppData\Local\Temp\arduino\sketches\F38EEDE96C581C7EBC022A43AFCE7007/..\..\cores\arduino_samd_mkrvidor4000_f3e0bd6860e3a08d0a5370bc8333d944\core.a(Uart.cpp.o)
                0x000039c0                Uart::extractParity(unsigned short)
 .text._ZN4Uart5beginEmt
                0x000039d4       0xf8 C:\Users\Mikkel\AppData\Local\Temp\arduino\sketches\F38EEDE96C581C7EBC022A43AFCE7007/..\..\cores\arduino_samd_mkrvidor4000_f3e0bd6860e3a08d0a5370bc8333d944\core.a(Uart.cpp.o)
                0x000039d4                Uart::begin(unsigned long, unsigned short)
 .text._ZN7arduino11RingBufferNILi256EEC2Ev
                0x00003acc       0x1e C:\Users\Mikkel\AppData\Local\Temp\arduino\sketches\F38EEDE96C581C7EBC022A43AFCE7007/..\..\cores\arduino_samd_mkrvidor4000_f3e0bd6860e3a08d0a5370bc8333d944\core.a(Uart.cpp.o)
                0x00003acc                arduino::RingBufferN<256>::RingBufferN()
                0x00003acc                arduino::RingBufferN<256>::RingBufferN()
 *fill*         0x00003aea        0x2 
 .text._ZN4UartC2EP6SERCOMhh11SercomRXPad15SercomUartTXPad
                0x00003aec       0x74 C:\Users\Mikkel\AppData\Local\Temp\arduino\sketches\F38EEDE96C581C7EBC022A43AFCE7007/..\..\cores\arduino_samd_mkrvidor4000_f3e0bd6860e3a08d0a5370bc8333d944\core.a(Uart.cpp.o)
                0x00003aec                Uart::Uart(SERCOM*, unsigned char, unsigned char, SercomRXPad, SercomUartTXPad)
                0x00003aec                Uart::Uart(SERCOM*, unsigned char, unsigned char, SercomRXPad, SercomUartTXPad)
 .text._ZN7arduino15SafeRingBufferNILi256EE10store_charEh
                0x00003b60       0x4a C:\Users\Mikkel\AppData\Local\Temp\arduino\sketches\F38EEDE96C581C7EBC022A43AFCE7007/..\..\cores\arduino_samd_mkrvidor4000_f3e0bd6860e3a08d0a5370bc8333d944\core.a(Uart.cpp.o)
                0x00003b60                arduino::SafeRingBufferN<256>::store_char(unsigned char)
 .text._ZN7arduino15SafeRingBufferNILi256EE9read_charEv
                0x00003baa       0x50 C:\Users\Mikkel\AppData\Local\Temp\arduino\sketches\F38EEDE96C581C7EBC022A43AFCE7007/..\..\cores\arduino_samd_mkrvidor4000_f3e0bd6860e3a08d0a5370bc8333d944\core.a(Uart.cpp.o)
                0x00003baa                arduino::SafeRingBufferN<256>::read_char()
 .text._ZN4Uart10IrqHandlerEv
                0x00003bfa       0xa4 C:\Users\Mikkel\AppData\Local\Temp\arduino\sketches\F38EEDE96C581C7EBC022A43AFCE7007/..\..\cores\arduino_samd_mkrvidor4000_f3e0bd6860e3a08d0a5370bc8333d944\core.a(Uart.cpp.o)
                0x00003bfa                Uart::IrqHandler()
 *fill*         0x00003c9e        0x2 
 .text._ZN4Uart5writeEh
                0x00003ca0       0x9c C:\Users\Mikkel\AppData\Local\Temp\arduino\sketches\F38EEDE96C581C7EBC022A43AFCE7007/..\..\cores\arduino_samd_mkrvidor4000_f3e0bd6860e3a08d0a5370bc8333d944\core.a(Uart.cpp.o)
                0x00003ca0                Uart::write(unsigned char)
 .text._ZN4Uart4readEv
                0x00003d3c       0x34 C:\Users\Mikkel\AppData\Local\Temp\arduino\sketches\F38EEDE96C581C7EBC022A43AFCE7007/..\..\cores\arduino_samd_mkrvidor4000_f3e0bd6860e3a08d0a5370bc8333d944\core.a(Uart.cpp.o)
                0x00003d3c                Uart::read()
 .text._ZN7arduino13PluggableUSB_12getInterfaceEPh
                0x00003d70       0x28 C:\Users\Mikkel\AppData\Local\Temp\arduino\sketches\F38EEDE96C581C7EBC022A43AFCE7007/..\..\cores\arduino_samd_mkrvidor4000_f3e0bd6860e3a08d0a5370bc8333d944\core.a(PluggableUSB.cpp.o)
                0x00003d70                arduino::PluggableUSB_::getInterface(unsigned char*)
 .text._ZN7arduino13PluggableUSB_13getDescriptorERNS_8USBSetupE
                0x00003d98       0x20 C:\Users\Mikkel\AppData\Local\Temp\arduino\sketches\F38EEDE96C581C7EBC022A43AFCE7007/..\..\cores\arduino_samd_mkrvidor4000_f3e0bd6860e3a08d0a5370bc8333d944\core.a(PluggableUSB.cpp.o)
                0x00003d98                arduino::PluggableUSB_::getDescriptor(arduino::USBSetup&)
 .text._ZN7arduino13PluggableUSB_12getShortNameEPc
                0x00003db8       0x1e C:\Users\Mikkel\AppData\Local\Temp\arduino\sketches\F38EEDE96C581C7EBC022A43AFCE7007/..\..\cores\arduino_samd_mkrvidor4000_f3e0bd6860e3a08d0a5370bc8333d944\core.a(PluggableUSB.cpp.o)
                0x00003db8                arduino::PluggableUSB_::getShortName(char*)
 .text._ZN7arduino13PluggableUSB_5setupERNS_8USBSetupE
                0x00003dd6       0x20 C:\Users\Mikkel\AppData\Local\Temp\arduino\sketches\F38EEDE96C581C7EBC022A43AFCE7007/..\..\cores\arduino_samd_mkrvidor4000_f3e0bd6860e3a08d0a5370bc8333d944\core.a(PluggableUSB.cpp.o)
                0x00003dd6                arduino::PluggableUSB_::setup(arduino::USBSetup&)
 .text._ZN7arduino13PluggableUSB_4plugEPNS_18PluggableUSBModuleE
                0x00003df6       0x5c C:\Users\Mikkel\AppData\Local\Temp\arduino\sketches\F38EEDE96C581C7EBC022A43AFCE7007/..\..\cores\arduino_samd_mkrvidor4000_f3e0bd6860e3a08d0a5370bc8333d944\core.a(PluggableUSB.cpp.o)
                0x00003df6                arduino::PluggableUSB_::plug(arduino::PluggableUSBModule*)
 *fill*         0x00003e52        0x2 
 .text._Z12PluggableUSBv
                0x00003e54       0x24 C:\Users\Mikkel\AppData\Local\Temp\arduino\sketches\F38EEDE96C581C7EBC022A43AFCE7007/..\..\cores\arduino_samd_mkrvidor4000_f3e0bd6860e3a08d0a5370bc8333d944\core.a(PluggableUSB.cpp.o)
                0x00003e54                PluggableUSB()
 .text._ZN7arduino5Print5writeEPKhj
                0x00003e78       0x28 C:\Users\Mikkel\AppData\Local\Temp\arduino\sketches\F38EEDE96C581C7EBC022A43AFCE7007/..\..\cores\arduino_samd_mkrvidor4000_f3e0bd6860e3a08d0a5370bc8333d944\core.a(Print.cpp.o)
                0x00003e78                arduino::Print::write(unsigned char const*, unsigned int)
 .text._ZN7arduino5Print5writeEPKc.part.2
                0x00003ea0       0x1a C:\Users\Mikkel\AppData\Local\Temp\arduino\sketches\F38EEDE96C581C7EBC022A43AFCE7007/..\..\cores\arduino_samd_mkrvidor4000_f3e0bd6860e3a08d0a5370bc8333d944\core.a(Print.cpp.o)
 .text._ZN7arduino5Print5writeEPKc
                0x00003eba       0x10 C:\Users\Mikkel\AppData\Local\Temp\arduino\sketches\F38EEDE96C581C7EBC022A43AFCE7007/..\..\cores\arduino_samd_mkrvidor4000_f3e0bd6860e3a08d0a5370bc8333d944\core.a(Print.cpp.o)
                0x00003eba                arduino::Print::write(char const*)
 .text._ZN7arduino5Print5printEc
                0x00003eca        0xa C:\Users\Mikkel\AppData\Local\Temp\arduino\sketches\F38EEDE96C581C7EBC022A43AFCE7007/..\..\cores\arduino_samd_mkrvidor4000_f3e0bd6860e3a08d0a5370bc8333d944\core.a(Print.cpp.o)
                0x00003eca                arduino::Print::print(char)
 .text._ZN7arduino5Print7printlnEv
                0x00003ed4       0x10 C:\Users\Mikkel\AppData\Local\Temp\arduino\sketches\F38EEDE96C581C7EBC022A43AFCE7007/..\..\cores\arduino_samd_mkrvidor4000_f3e0bd6860e3a08d0a5370bc8333d944\core.a(Print.cpp.o)
                0x00003ed4                arduino::Print::println()
 .text._ZN7arduino5Print11printNumberEmh
                0x00003ee4       0x48 C:\Users\Mikkel\AppData\Local\Temp\arduino\sketches\F38EEDE96C581C7EBC022A43AFCE7007/..\..\cores\arduino_samd_mkrvidor4000_f3e0bd6860e3a08d0a5370bc8333d944\core.a(Print.cpp.o)
                0x00003ee4                arduino::Print::printNumber(unsigned long, unsigned char)
 .text._ZN7arduino5Print10printFloatEdi
                0x00003f2c      0x170 C:\Users\Mikkel\AppData\Local\Temp\arduino\sketches\F38EEDE96C581C7EBC022A43AFCE7007/..\..\cores\arduino_samd_mkrvidor4000_f3e0bd6860e3a08d0a5370bc8333d944\core.a(Print.cpp.o)
                0x00003f2c                arduino::Print::printFloat(double, int)
 .text._ZN7arduino5Print7printlnEdi
                0x0000409c       0x18 C:\Users\Mikkel\AppData\Local\Temp\arduino\sketches\F38EEDE96C581C7EBC022A43AFCE7007/..\..\cores\arduino_samd_mkrvidor4000_f3e0bd6860e3a08d0a5370bc8333d944\core.a(Print.cpp.o)
                0x0000409c                arduino::Print::println(double, int)
 .text.Dummy_Handler
                0x000040b4        0x2 C:\Users\Mikkel\AppData\Local\Temp\arduino\sketches\F38EEDE96C581C7EBC022A43AFCE7007/..\..\cores\arduino_samd_mkrvidor4000_f3e0bd6860e3a08d0a5370bc8333d944\core.a(cortex_handlers.c.o)
                0x000040b4                DMAC_Handler
                0x000040b4                HardFault_Handler
                0x000040b4                AC_Handler
                0x000040b4                PendSV_Handler
                0x000040b4                NMI_Handler
                0x000040b4                TC7_Handler
                0x000040b4                SERCOM1_Handler
                0x000040b4                ADC_Handler
                0x000040b4                TCC1_Handler
                0x000040b4                SERCOM2_Handler
                0x000040b4                TCC0_Handler
                0x000040b4                RTC_Handler
                0x000040b4                EIC_Handler
                0x000040b4                TC6_Handler
                0x000040b4                WDT_Handler
                0x000040b4                TC4_Handler
                0x000040b4                TC3_Handler
                0x000040b4                Dummy_Handler
                0x000040b4                PM_Handler
                0x000040b4                SVC_Handler
                0x000040b4                TCC2_Handler
                0x000040b4                EVSYS_Handler
                0x000040b4                SERCOM3_Handler
                0x000040b4                SERCOM4_Handler
                0x000040b4                I2S_Handler
                0x000040b4                NVMCTRL_Handler
                0x000040b4                SERCOM0_Handler
                0x000040b4                DAC_Handler
                0x000040b4                PTC_Handler
                0x000040b4                SYSCTRL_Handler
 *fill*         0x000040b6        0x2 
 .text.USB_Handler
                0x000040b8       0x14 C:\Users\Mikkel\AppData\Local\Temp\arduino\sketches\F38EEDE96C581C7EBC022A43AFCE7007/..\..\cores\arduino_samd_mkrvidor4000_f3e0bd6860e3a08d0a5370bc8333d944\core.a(cortex_handlers.c.o)
                0x000040b8                USB_Handler
 .text.Reset_Handler
                0x000040cc       0x54 C:\Users\Mikkel\AppData\Local\Temp\arduino\sketches\F38EEDE96C581C7EBC022A43AFCE7007/..\..\cores\arduino_samd_mkrvidor4000_f3e0bd6860e3a08d0a5370bc8333d944\core.a(cortex_handlers.c.o)
                0x000040cc                Reset_Handler
 .text.SysTick_Handler
                0x00004120       0x10 C:\Users\Mikkel\AppData\Local\Temp\arduino\sketches\F38EEDE96C581C7EBC022A43AFCE7007/..\..\cores\arduino_samd_mkrvidor4000_f3e0bd6860e3a08d0a5370bc8333d944\core.a(cortex_handlers.c.o)
                0x00004120                SysTick_Handler
 .text.USB_SetHandler
                0x00004130        0xc C:\Users\Mikkel\AppData\Local\Temp\arduino\sketches\F38EEDE96C581C7EBC022A43AFCE7007/..\..\cores\arduino_samd_mkrvidor4000_f3e0bd6860e3a08d0a5370bc8333d944\core.a(cortex_handlers.c.o)
                0x00004130                USB_SetHandler
 .text.micros   0x0000413c       0x60 C:\Users\Mikkel\AppData\Local\Temp\arduino\sketches\F38EEDE96C581C7EBC022A43AFCE7007/..\..\cores\arduino_samd_mkrvidor4000_f3e0bd6860e3a08d0a5370bc8333d944\core.a(delay.c.o)
                0x0000413c                micros
 .text.delay    0x0000419c       0x30 C:\Users\Mikkel\AppData\Local\Temp\arduino\sketches\F38EEDE96C581C7EBC022A43AFCE7007/..\..\cores\arduino_samd_mkrvidor4000_f3e0bd6860e3a08d0a5370bc8333d944\core.a(delay.c.o)
                0x0000419c                delay
 .text.SysTick_DefaultHandler
                0x000041cc       0x14 C:\Users\Mikkel\AppData\Local\Temp\arduino\sketches\F38EEDE96C581C7EBC022A43AFCE7007/..\..\cores\arduino_samd_mkrvidor4000_f3e0bd6860e3a08d0a5370bc8333d944\core.a(delay.c.o)
                0x000041cc                SysTick_DefaultHandler
 .text.__empty  0x000041e0        0x2 C:\Users\Mikkel\AppData\Local\Temp\arduino\sketches\F38EEDE96C581C7EBC022A43AFCE7007/..\..\cores\arduino_samd_mkrvidor4000_f3e0bd6860e3a08d0a5370bc8333d944\core.a(hooks.c.o)
                0x000041e0                yield
 .text.__false  0x000041e2        0x4 C:\Users\Mikkel\AppData\Local\Temp\arduino\sketches\F38EEDE96C581C7EBC022A43AFCE7007/..\..\cores\arduino_samd_mkrvidor4000_f3e0bd6860e3a08d0a5370bc8333d944\core.a(hooks.c.o)
                0x000041e2                sysTickHook
 *fill*         0x000041e6        0x2 
 .text.startup.main
                0x000041e8       0x40 C:\Users\Mikkel\AppData\Local\Temp\arduino\sketches\F38EEDE96C581C7EBC022A43AFCE7007/..\..\cores\arduino_samd_mkrvidor4000_f3e0bd6860e3a08d0a5370bc8333d944\core.a(main.cpp.o)
                0x000041e8                main
 .text._Znwj    0x00004228        0x8 C:\Users\Mikkel\AppData\Local\Temp\arduino\sketches\F38EEDE96C581C7EBC022A43AFCE7007/..\..\cores\arduino_samd_mkrvidor4000_f3e0bd6860e3a08d0a5370bc8333d944\core.a(new.cpp.o)
                0x00004228                operator new(unsigned int)
 .text._ZdlPv   0x00004230        0x8 C:\Users\Mikkel\AppData\Local\Temp\arduino\sketches\F38EEDE96C581C7EBC022A43AFCE7007/..\..\cores\arduino_samd_mkrvidor4000_f3e0bd6860e3a08d0a5370bc8333d944\core.a(new.cpp.o)
                0x00004230                operator delete(void*)
 .text.SystemInit
                0x00004238      0x160 C:\Users\Mikkel\AppData\Local\Temp\arduino\sketches\F38EEDE96C581C7EBC022A43AFCE7007/..\..\cores\arduino_samd_mkrvidor4000_f3e0bd6860e3a08d0a5370bc8333d944\core.a(startup.c.o)
                0x00004238                SystemInit
 .text.init     0x00004398       0xf0 C:\Users\Mikkel\AppData\Local\Temp\arduino\sketches\F38EEDE96C581C7EBC022A43AFCE7007/..\..\cores\arduino_samd_mkrvidor4000_f3e0bd6860e3a08d0a5370bc8333d944\core.a(wiring.c.o)
                0x00004398                init
 .text.mapResolution
                0x00004488       0x12 C:\Users\Mikkel\AppData\Local\Temp\arduino\sketches\F38EEDE96C581C7EBC022A43AFCE7007/..\..\cores\arduino_samd_mkrvidor4000_f3e0bd6860e3a08d0a5370bc8333d944\core.a(wiring_analog.c.o)
 *fill*         0x0000449a        0x2 
 .text.analogReference
                0x0000449c       0x64 C:\Users\Mikkel\AppData\Local\Temp\arduino\sketches\F38EEDE96C581C7EBC022A43AFCE7007/..\..\cores\arduino_samd_mkrvidor4000_f3e0bd6860e3a08d0a5370bc8333d944\core.a(wiring_analog.c.o)
                0x0000449c                analogReference
 .text.analogRead
                0x00004500       0xdc C:\Users\Mikkel\AppData\Local\Temp\arduino\sketches\F38EEDE96C581C7EBC022A43AFCE7007/..\..\cores\arduino_samd_mkrvidor4000_f3e0bd6860e3a08d0a5370bc8333d944\core.a(wiring_analog.c.o)
                0x00004500                analogRead
 .text.pinMode  0x000045dc       0x98 C:\Users\Mikkel\AppData\Local\Temp\arduino\sketches\F38EEDE96C581C7EBC022A43AFCE7007/..\..\cores\arduino_samd_mkrvidor4000_f3e0bd6860e3a08d0a5370bc8333d944\core.a(wiring_digital.c.o)
                0x000045dc                pinMode
 .text.pinPeripheral
                0x00004674       0xc0 C:\Users\Mikkel\AppData\Local\Temp\arduino\sketches\F38EEDE96C581C7EBC022A43AFCE7007/..\..\cores\arduino_samd_mkrvidor4000_f3e0bd6860e3a08d0a5370bc8333d944\core.a(wiring_private.c.o)
                0x00004674                pinPeripheral
 .text.initiateReset
                0x00004734       0x14 C:\Users\Mikkel\AppData\Local\Temp\arduino\sketches\F38EEDE96C581C7EBC022A43AFCE7007/..\..\cores\arduino_samd_mkrvidor4000_f3e0bd6860e3a08d0a5370bc8333d944\core.a(Reset.cpp.o)
                0x00004734                initiateReset
 .text.cancelReset
                0x00004748       0x10 C:\Users\Mikkel\AppData\Local\Temp\arduino\sketches\F38EEDE96C581C7EBC022A43AFCE7007/..\..\cores\arduino_samd_mkrvidor4000_f3e0bd6860e3a08d0a5370bc8333d944\core.a(Reset.cpp.o)
                0x00004748                cancelReset
 .text.tickReset
                0x00004758       0x78 C:\Users\Mikkel\AppData\Local\Temp\arduino\sketches\F38EEDE96C581C7EBC022A43AFCE7007/..\..\cores\arduino_samd_mkrvidor4000_f3e0bd6860e3a08d0a5370bc8333d944\core.a(Reset.cpp.o)
                0x00004758                tickReset
 .text          0x000047d0       0x14 c:/users/mikkel/appdata/local/arduino15/packages/arduino/tools/arm-none-eabi-gcc/7-2017q4/bin/../lib/gcc/arm-none-eabi/7.2.1/thumb/v6-m\libgcc.a(_thumb1_case_uqi.o)
                0x000047d0                __gnu_thumb1_case_uqi
 .text          0x000047e4      0x114 c:/users/mikkel/appdata/local/arduino15/packages/arduino/tools/arm-none-eabi-gcc/7-2017q4/bin/../lib/gcc/arm-none-eabi/7.2.1/thumb/v6-m\libgcc.a(_udivsi3.o)
                0x000047e4                __aeabi_uidiv
                0x000047e4                __udivsi3
                0x000048f0                __aeabi_uidivmod
 .text          0x000048f8        0x4 c:/users/mikkel/appdata/local/arduino15/packages/arduino/tools/arm-none-eabi-gcc/7-2017q4/bin/../lib/gcc/arm-none-eabi/7.2.1/thumb/v6-m\libgcc.a(_dvmd_tls.o)
                0x000048f8                __aeabi_idiv0
                0x000048f8                __aeabi_ldiv0
 .text          0x000048fc       0x7c c:/users/mikkel/appdata/local/arduino15/packages/arduino/tools/arm-none-eabi-gcc/7-2017q4/bin/../lib/gcc/arm-none-eabi/7.2.1/thumb/v6-m\libgcc.a(_arm_cmpdf2.o)
                0x000048fc                __aeabi_cdrcmple
                0x0000490c                __aeabi_cdcmple
                0x0000490c                __aeabi_cdcmpeq
                0x0000491c                __aeabi_dcmpeq
                0x00004928                __aeabi_dcmplt
                0x0000493c                __aeabi_dcmple
                0x00004950                __aeabi_dcmpgt
                0x00004964                __aeabi_dcmpge
 .text          0x00004978       0x3c c:/users/mikkel/appdata/local/arduino15/packages/arduino/tools/arm-none-eabi-gcc/7-2017q4/bin/../lib/gcc/arm-none-eabi/7.2.1/thumb/v6-m\libgcc.a(_fixunsdfsi.o)
                0x00004978                __aeabi_d2uiz
                0x00004978                __fixunsdfsi
 .text          0x000049b4      0x638 c:/users/mikkel/appdata/local/arduino15/packages/arduino/tools/arm-none-eabi-gcc/7-2017q4/bin/../lib/gcc/arm-none-eabi/7.2.1/thumb/v6-m\libgcc.a(adddf3.o)
                0x000049b4                __aeabi_dadd
 .text          0x00004fec      0x604 c:/users/mikkel/appdata/local/arduino15/packages/arduino/tools/arm-none-eabi-gcc/7-2017q4/bin/../lib/gcc/arm-none-eabi/7.2.1/thumb/v6-m\libgcc.a(divdf3.o)
                0x00004fec                __aeabi_ddiv
 .text          0x000055f0       0x78 c:/users/mikkel/appdata/local/arduino15/packages/arduino/tools/arm-none-eabi-gcc/7-2017q4/bin/../lib/gcc/arm-none-eabi/7.2.1/thumb/v6-m\libgcc.a(eqdf2.o)
                0x000055f0                __nedf2
                0x000055f0                __eqdf2
 .text          0x00005668       0xc8 c:/users/mikkel/appdata/local/arduino15/packages/arduino/tools/arm-none-eabi-gcc/7-2017q4/bin/../lib/gcc/arm-none-eabi/7.2.1/thumb/v6-m\libgcc.a(gedf2.o)
                0x00005668                __gedf2
                0x00005668                __gtdf2
 .text          0x00005730       0xd0 c:/users/mikkel/appdata/local/arduino15/packages/arduino/tools/arm-none-eabi-gcc/7-2017q4/bin/../lib/gcc/arm-none-eabi/7.2.1/thumb/v6-m\libgcc.a(ledf2.o)
                0x00005730                __ledf2
                0x00005730                __ltdf2
 .text          0x00005800      0x4e4 c:/users/mikkel/appdata/local/arduino15/packages/arduino/tools/arm-none-eabi-gcc/7-2017q4/bin/../lib/gcc/arm-none-eabi/7.2.1/thumb/v6-m\libgcc.a(muldf3.o)
                0x00005800                __aeabi_dmul
 .text          0x00005ce4      0x690 c:/users/mikkel/appdata/local/arduino15/packages/arduino/tools/arm-none-eabi-gcc/7-2017q4/bin/../lib/gcc/arm-none-eabi/7.2.1/thumb/v6-m\libgcc.a(subdf3.o)
                0x00005ce4                __aeabi_dsub
 .text          0x00006374       0x38 c:/users/mikkel/appdata/local/arduino15/packages/arduino/tools/arm-none-eabi-gcc/7-2017q4/bin/../lib/gcc/arm-none-eabi/7.2.1/thumb/v6-m\libgcc.a(unorddf2.o)
                0x00006374                __aeabi_dcmpun
 .text          0x000063ac       0x6c c:/users/mikkel/appdata/local/arduino15/packages/arduino/tools/arm-none-eabi-gcc/7-2017q4/bin/../lib/gcc/arm-none-eabi/7.2.1/thumb/v6-m\libgcc.a(fixdfsi.o)
                0x000063ac                __aeabi_d2iz
 .text          0x00006418       0x74 c:/users/mikkel/appdata/local/arduino15/packages/arduino/tools/arm-none-eabi-gcc/7-2017q4/bin/../lib/gcc/arm-none-eabi/7.2.1/thumb/v6-m\libgcc.a(floatsidf.o)
                0x00006418                __aeabi_i2d
 .text          0x0000648c       0x64 c:/users/mikkel/appdata/local/arduino15/packages/arduino/tools/arm-none-eabi-gcc/7-2017q4/bin/../lib/gcc/arm-none-eabi/7.2.1/thumb/v6-m\libgcc.a(floatunsidf.o)
                0x0000648c                __aeabi_ui2d
 .text          0x000064f0       0xa4 c:/users/mikkel/appdata/local/arduino15/packages/arduino/tools/arm-none-eabi-gcc/7-2017q4/bin/../lib/gcc/arm-none-eabi/7.2.1/thumb/v6-m\libgcc.a(extendsfdf2.o)
                0x000064f0                __aeabi_f2d
 .text          0x00006594      0x108 c:/users/mikkel/appdata/local/arduino15/packages/arduino/tools/arm-none-eabi-gcc/7-2017q4/bin/../lib/gcc/arm-none-eabi/7.2.1/thumb/v6-m\libgcc.a(truncdfsf2.o)
                0x00006594                __aeabi_d2f
 .text          0x0000669c       0x3c c:/users/mikkel/appdata/local/arduino15/packages/arduino/tools/arm-none-eabi-gcc/7-2017q4/bin/../lib/gcc/arm-none-eabi/7.2.1/thumb/v6-m\libgcc.a(_clzsi2.o)
                0x0000669c                __clzsi2
 .text.__libc_init_array
                0x000066d8       0x48 c:/users/mikkel/appdata/local/arduino15/packages/arduino/tools/arm-none-eabi-gcc/7-2017q4/bin/../lib/gcc/arm-none-eabi/7.2.1/../../../../arm-none-eabi/lib/thumb/v6-m\libc_nano.a(lib_a-init.o)
                0x000066d8                __libc_init_array
 .text.malloc   0x00006720       0x14 c:/users/mikkel/appdata/local/arduino15/packages/arduino/tools/arm-none-eabi-gcc/7-2017q4/bin/../lib/gcc/arm-none-eabi/7.2.1/../../../../arm-none-eabi/lib/thumb/v6-m\libc_nano.a(lib_a-malloc.o)
                0x00006720                malloc
 .text.free     0x00006734       0x14 c:/users/mikkel/appdata/local/arduino15/packages/arduino/tools/arm-none-eabi-gcc/7-2017q4/bin/../lib/gcc/arm-none-eabi/7.2.1/../../../../arm-none-eabi/lib/thumb/v6-m\libc_nano.a(lib_a-malloc.o)
                0x00006734                free
 .text.memcpy   0x00006748       0x12 c:/users/mikkel/appdata/local/arduino15/packages/arduino/tools/arm-none-eabi-gcc/7-2017q4/bin/../lib/gcc/arm-none-eabi/7.2.1/../../../../arm-none-eabi/lib/thumb/v6-m\libc_nano.a(lib_a-memcpy-stub.o)
                0x00006748                memcpy
 .text.memset   0x0000675a       0x10 c:/users/mikkel/appdata/local/arduino15/packages/arduino/tools/arm-none-eabi-gcc/7-2017q4/bin/../lib/gcc/arm-none-eabi/7.2.1/../../../../arm-none-eabi/lib/thumb/v6-m\libc_nano.a(lib_a-memset.o)
                0x0000675a                memset
 *fill*         0x0000676a        0x2 
 .text._free_r  0x0000676c       0x94 c:/users/mikkel/appdata/local/arduino15/packages/arduino/tools/arm-none-eabi-gcc/7-2017q4/bin/../lib/gcc/arm-none-eabi/7.2.1/../../../../arm-none-eabi/lib/thumb/v6-m\libc_nano.a(lib_a-nano-freer.o)
                0x0000676c                _free_r
 .text._malloc_r
                0x00006800       0xbc c:/users/mikkel/appdata/local/arduino15/packages/arduino/tools/arm-none-eabi-gcc/7-2017q4/bin/../lib/gcc/arm-none-eabi/7.2.1/../../../../arm-none-eabi/lib/thumb/v6-m\libc_nano.a(lib_a-nano-mallocr.o)
                0x00006800                _malloc_r
 .text._sbrk_r  0x000068bc       0x24 c:/users/mikkel/appdata/local/arduino15/packages/arduino/tools/arm-none-eabi-gcc/7-2017q4/bin/../lib/gcc/arm-none-eabi/7.2.1/../../../../arm-none-eabi/lib/thumb/v6-m\libc_nano.a(lib_a-sbrkr.o)
                0x000068bc                _sbrk_r
 .text          0x000068e0        0xe c:/users/mikkel/appdata/local/arduino15/packages/arduino/tools/arm-none-eabi-gcc/7-2017q4/bin/../lib/gcc/arm-none-eabi/7.2.1/../../../../arm-none-eabi/lib/thumb/v6-m\libc_nano.a(lib_a-strlen.o)
                0x000068e0                strlen
 .text.__malloc_lock
                0x000068ee        0x2 c:/users/mikkel/appdata/local/arduino15/packages/arduino/tools/arm-none-eabi-gcc/7-2017q4/bin/../lib/gcc/arm-none-eabi/7.2.1/../../../../arm-none-eabi/lib/thumb/v6-m\libc_nano.a(lib_a-mlock.o)
                0x000068ee                __malloc_lock
 .text.__malloc_unlock
                0x000068f0        0x2 c:/users/mikkel/appdata/local/arduino15/packages/arduino/tools/arm-none-eabi-gcc/7-2017q4/bin/../lib/gcc/arm-none-eabi/7.2.1/../../../../arm-none-eabi/lib/thumb/v6-m\libc_nano.a(lib_a-mlock.o)
                0x000068f0                __malloc_unlock
 *fill*         0x000068f2        0x2 
 .text._sbrk    0x000068f4       0x1c c:/users/mikkel/appdata/local/arduino15/packages/arduino/tools/arm-none-eabi-gcc/7-2017q4/bin/../lib/gcc/arm-none-eabi/7.2.1/../../../../arm-none-eabi/lib/thumb/v6-m\libnosys.a(sbrk.o)
                0x000068f4                _sbrk
 *(.init)
 .init          0x00006910        0x4 c:/users/mikkel/appdata/local/arduino15/packages/arduino/tools/arm-none-eabi-gcc/7-2017q4/bin/../lib/gcc/arm-none-eabi/7.2.1/thumb/v6-m/crti.o
                0x00006910                _init
 .init          0x00006914        0x8 c:/users/mikkel/appdata/local/arduino15/packages/arduino/tools/arm-none-eabi-gcc/7-2017q4/bin/../lib/gcc/arm-none-eabi/7.2.1/thumb/v6-m/crtn.o
 *(.fini)
 .fini          0x0000691c        0x4 c:/users/mikkel/appdata/local/arduino15/packages/arduino/tools/arm-none-eabi-gcc/7-2017q4/bin/../lib/gcc/arm-none-eabi/7.2.1/thumb/v6-m/crti.o
                0x0000691c                _fini
 .fini          0x00006920        0x8 c:/users/mikkel/appdata/local/arduino15/packages/arduino/tools/arm-none-eabi-gcc/7-2017q4/bin/../lib/gcc/arm-none-eabi/7.2.1/thumb/v6-m/crtn.o
 *crtbegin.o(.ctors)
 *crtbegin?.o(.ctors)
 *(EXCLUDE_FILE(*crtend.o *crtend?.o) .ctors)
 *(SORT_BY_NAME(.ctors.*))
 *(.ctors)
 *crtbegin.o(.dtors)
 *crtbegin?.o(.dtors)
 *(EXCLUDE_FILE(*crtend.o *crtend?.o) .dtors)
 *(SORT_BY_NAME(.dtors.*))
 *(.dtors)
 *(.rodata*)
 .rodata.g_APinDescription
                0x00006928      0x360 C:\Users\Mikkel\AppData\Local\Temp\arduino\sketches\F38EEDE96C581C7EBC022A43AFCE7007\core\variant.cpp.o
                0x00006928                g_APinDescription
 .rodata._ZTV7Serial_
                0x00006c88       0x50 C:\Users\Mikkel\AppData\Local\Temp\arduino\sketches\F38EEDE96C581C7EBC022A43AFCE7007/..\..\cores\arduino_samd_mkrvidor4000_f3e0bd6860e3a08d0a5370bc8333d944\core.a(CDC.cpp.o)
                0x00006c88                vtable for Serial_
 .rodata._ZTV26DoubleBufferedEPOutHandler
                0x00006cd8       0x24 C:\Users\Mikkel\AppData\Local\Temp\arduino\sketches\F38EEDE96C581C7EBC022A43AFCE7007/..\..\cores\arduino_samd_mkrvidor4000_f3e0bd6860e3a08d0a5370bc8333d944\core.a(USBCore.cpp.o)
                0x00006cd8                vtable for DoubleBufferedEPOutHandler
 .rodata._ZL14STRING_PRODUCT
                0x00006cfc       0x17 C:\Users\Mikkel\AppData\Local\Temp\arduino\sketches\F38EEDE96C581C7EBC022A43AFCE7007/..\..\cores\arduino_samd_mkrvidor4000_f3e0bd6860e3a08d0a5370bc8333d944\core.a(USBCore.cpp.o)
 *fill*         0x00006d13        0x1 
 .rodata._ZL15STRING_LANGUAGE
                0x00006d14        0x4 C:\Users\Mikkel\AppData\Local\Temp\arduino\sketches\F38EEDE96C581C7EBC022A43AFCE7007/..\..\cores\arduino_samd_mkrvidor4000_f3e0bd6860e3a08d0a5370bc8333d944\core.a(USBCore.cpp.o)
 .rodata._ZL19STRING_MANUFACTURER
                0x00006d18        0xc C:\Users\Mikkel\AppData\Local\Temp\arduino\sketches\F38EEDE96C581C7EBC022A43AFCE7007/..\..\cores\arduino_samd_mkrvidor4000_f3e0bd6860e3a08d0a5370bc8333d944\core.a(USBCore.cpp.o)
 .rodata._ZL21USB_DeviceDescriptorB
                0x00006d24       0x12 C:\Users\Mikkel\AppData\Local\Temp\arduino\sketches\F38EEDE96C581C7EBC022A43AFCE7007/..\..\cores\arduino_samd_mkrvidor4000_f3e0bd6860e3a08d0a5370bc8333d944\core.a(USBCore.cpp.o)
 *fill*         0x00006d36        0x2 
 .rodata._ZTV4Uart
                0x00006d38       0x34 C:\Users\Mikkel\AppData\Local\Temp\arduino\sketches\F38EEDE96C581C7EBC022A43AFCE7007/..\..\cores\arduino_samd_mkrvidor4000_f3e0bd6860e3a08d0a5370bc8333d944\core.a(Uart.cpp.o)
                0x00006d38                vtable for Uart
 .rodata._ZN7arduino5Print10printFloatEdi.str1.1
                0x00006d6c        0xe C:\Users\Mikkel\AppData\Local\Temp\arduino\sketches\F38EEDE96C581C7EBC022A43AFCE7007/..\..\cores\arduino_samd_mkrvidor4000_f3e0bd6860e3a08d0a5370bc8333d944\core.a(Print.cpp.o)
 .rodata._ZN7arduino5Print7printlnEv.str1.1
                0x00006d7a        0x3 C:\Users\Mikkel\AppData\Local\Temp\arduino\sketches\F38EEDE96C581C7EBC022A43AFCE7007/..\..\cores\arduino_samd_mkrvidor4000_f3e0bd6860e3a08d0a5370bc8333d944\core.a(Print.cpp.o)
 *fill*         0x00006d7d        0x3 
 .rodata        0x00006d80       0x40 c:/users/mikkel/appdata/local/arduino15/packages/arduino/tools/arm-none-eabi-gcc/7-2017q4/bin/../lib/gcc/arm-none-eabi/7.2.1/thumb/v6-m\libgcc.a(divdf3.o)
 .rodata        0x00006dc0       0x40 c:/users/mikkel/appdata/local/arduino15/packages/arduino/tools/arm-none-eabi-gcc/7-2017q4/bin/../lib/gcc/arm-none-eabi/7.2.1/thumb/v6-m\libgcc.a(muldf3.o)
 *(.eh_frame*)
 .eh_frame      0x00006e00        0x0 c:/users/mikkel/appdata/local/arduino15/packages/arduino/tools/arm-none-eabi-gcc/7-2017q4/bin/../lib/gcc/arm-none-eabi/7.2.1/thumb/v6-m/crtbegin.o
 .eh_frame      0x00006e00        0x4 c:/users/mikkel/appdata/local/arduino15/packages/arduino/tools/arm-none-eabi-gcc/7-2017q4/bin/../lib/gcc/arm-none-eabi/7.2.1/thumb/v6-m/crtend.o

.glue_7         0x00006e04        0x0
 .glue_7        0x00006e04        0x0 linker stubs

.glue_7t        0x00006e04        0x0
 .glue_7t       0x00006e04        0x0 linker stubs

.vfp11_veneer   0x00006e04        0x0
 .vfp11_veneer  0x00006e04        0x0 linker stubs

.v4_bx          0x00006e04        0x0
 .v4_bx         0x00006e04        0x0 linker stubs

.iplt           0x00006e04        0x0
 .iplt          0x00006e04        0x0 c:/users/mikkel/appdata/local/arduino15/packages/arduino/tools/arm-none-eabi-gcc/7-2017q4/bin/../lib/gcc/arm-none-eabi/7.2.1/thumb/v6-m/crtbegin.o

.rel.dyn        0x00006e04        0x0
 .rel.iplt      0x00006e04        0x0 c:/users/mikkel/appdata/local/arduino15/packages/arduino/tools/arm-none-eabi-gcc/7-2017q4/bin/../lib/gcc/arm-none-eabi/7.2.1/thumb/v6-m/crtbegin.o

.ARM.extab
 *(.ARM.extab* .gnu.linkonce.armextab.*)
                0x00006e04                __exidx_start = .

.ARM.exidx
 *(.ARM.exidx* .gnu.linkonce.armexidx.*)
                0x00006e04                __exidx_end = .
                0x00006e04                __etext = .

.fpga_bitstream_section
 *(.fpga_bitstream_signature)
 *(.fpga_bitstream)

.data           0x20000000       0xa0 load address 0x00006e04
                0x20000000                __data_start__ = .
 *(vtable)
 *(.data*)
 .data.potPin   0x20000000        0x4 C:\Users\Mikkel\AppData\Local\Temp\arduino\sketches\F38EEDE96C581C7EBC022A43AFCE7007\sketch\Potentiometer_test.ino.cpp.o
                0x20000000                potPin
 .data._ZL10breakValue
                0x20000004        0x4 C:\Users\Mikkel\AppData\Local\Temp\arduino\sketches\F38EEDE96C581C7EBC022A43AFCE7007/..\..\cores\arduino_samd_mkrvidor4000_f3e0bd6860e3a08d0a5370bc8333d944\core.a(CDC.cpp.o)
 .data._ZL12_usbLineInfo
                0x20000008        0x8 C:\Users\Mikkel\AppData\Local\Temp\arduino\sketches\F38EEDE96C581C7EBC022A43AFCE7007/..\..\cores\arduino_samd_mkrvidor4000_f3e0bd6860e3a08d0a5370bc8333d944\core.a(CDC.cpp.o)
 .data._serialPeek
                0x20000010        0x4 C:\Users\Mikkel\AppData\Local\Temp\arduino\sketches\F38EEDE96C581C7EBC022A43AFCE7007/..\..\cores\arduino_samd_mkrvidor4000_f3e0bd6860e3a08d0a5370bc8333d944\core.a(CDC.cpp.o)
                0x20000010                _serialPeek
 .data.SystemCoreClock
                0x20000014        0x4 C:\Users\Mikkel\AppData\Local\Temp\arduino\sketches\F38EEDE96C581C7EBC022A43AFCE7007/..\..\cores\arduino_samd_mkrvidor4000_f3e0bd6860e3a08d0a5370bc8333d944\core.a(wiring.c.o)
                0x20000014                SystemCoreClock
 .data._ADCResolution
                0x20000018        0x4 C:\Users\Mikkel\AppData\Local\Temp\arduino\sketches\F38EEDE96C581C7EBC022A43AFCE7007/..\..\cores\arduino_samd_mkrvidor4000_f3e0bd6860e3a08d0a5370bc8333d944\core.a(wiring_analog.c.o)
 .data._readResolution
                0x2000001c        0x4 C:\Users\Mikkel\AppData\Local\Temp\arduino\sketches\F38EEDE96C581C7EBC022A43AFCE7007/..\..\cores\arduino_samd_mkrvidor4000_f3e0bd6860e3a08d0a5370bc8333d944\core.a(wiring_analog.c.o)
 .data._ZL5ticks
                0x20000020        0x4 C:\Users\Mikkel\AppData\Local\Temp\arduino\sketches\F38EEDE96C581C7EBC022A43AFCE7007/..\..\cores\arduino_samd_mkrvidor4000_f3e0bd6860e3a08d0a5370bc8333d944\core.a(Reset.cpp.o)
 .data._impure_ptr
                0x20000024        0x4 c:/users/mikkel/appdata/local/arduino15/packages/arduino/tools/arm-none-eabi-gcc/7-2017q4/bin/../lib/gcc/arm-none-eabi/7.2.1/../../../../arm-none-eabi/lib/thumb/v6-m\libc_nano.a(lib_a-impure.o)
                0x20000024                _impure_ptr
 .data.impure_data
                0x20000028       0x60 c:/users/mikkel/appdata/local/arduino15/packages/arduino/tools/arm-none-eabi-gcc/7-2017q4/bin/../lib/gcc/arm-none-eabi/7.2.1/../../../../arm-none-eabi/lib/thumb/v6-m\libc_nano.a(lib_a-impure.o)
                0x20000088                . = ALIGN (0x4)
                0x20000088                PROVIDE (__preinit_array_start, .)
 *(.preinit_array)
                0x20000088                PROVIDE (__preinit_array_end, .)
                0x20000088                . = ALIGN (0x4)
                0x20000088                PROVIDE (__init_array_start, .)
 *(SORT_BY_NAME(.init_array.*))
 *(.init_array)
 .init_array    0x20000088        0x4 c:/users/mikkel/appdata/local/arduino15/packages/arduino/tools/arm-none-eabi-gcc/7-2017q4/bin/../lib/gcc/arm-none-eabi/7.2.1/thumb/v6-m/crtbegin.o
 .init_array    0x2000008c        0x4 C:\Users\Mikkel\AppData\Local\Temp\arduino\sketches\F38EEDE96C581C7EBC022A43AFCE7007\core\variant.cpp.o
 .init_array    0x20000090        0x4 C:\Users\Mikkel\AppData\Local\Temp\arduino\sketches\F38EEDE96C581C7EBC022A43AFCE7007/..\..\cores\arduino_samd_mkrvidor4000_f3e0bd6860e3a08d0a5370bc8333d944\core.a(CDC.cpp.o)
 .init_array    0x20000094        0x4 C:\Users\Mikkel\AppData\Local\Temp\arduino\sketches\F38EEDE96C581C7EBC022A43AFCE7007/..\..\cores\arduino_samd_mkrvidor4000_f3e0bd6860e3a08d0a5370bc8333d944\core.a(USBCore.cpp.o)
                0x20000098                PROVIDE (__init_array_end, .)
                0x20000098                . = ALIGN (0x4)
                [!provide]                PROVIDE (__fini_array_start, .)
 *(SORT_BY_NAME(.fini_array.*))
 *(.fini_array)
 .fini_array    0x20000098        0x4 c:/users/mikkel/appdata/local/arduino15/packages/arduino/tools/arm-none-eabi-gcc/7-2017q4/bin/../lib/gcc/arm-none-eabi/7.2.1/thumb/v6-m/crtbegin.o
                [!provide]                PROVIDE (__fini_array_end, .)
 *(.jcr*)
                0x200000a0                . = ALIGN (0x10)
 *fill*         0x2000009c        0x4 
                0x200000a0                __data_end__ = .

.igot.plt       0x200000a0        0x0 load address 0x00006ea4
 .igot.plt      0x200000a0        0x0 c:/users/mikkel/appdata/local/arduino15/packages/arduino/tools/arm-none-eabi-gcc/7-2017q4/bin/../lib/gcc/arm-none-eabi/7.2.1/thumb/v6-m/crtbegin.o

.bss            0x200000a0      0x8d0 load address 0x00006ea4
                0x200000a0                . = ALIGN (0x4)
                0x200000a0                __bss_start__ = .
 *(.bss*)
 .bss           0x200000a0       0x1c c:/users/mikkel/appdata/local/arduino15/packages/arduino/tools/arm-none-eabi-gcc/7-2017q4/bin/../lib/gcc/arm-none-eabi/7.2.1/thumb/v6-m/crtbegin.o
 .bss.Serial1   0x200000bc      0x244 C:\Users\Mikkel\AppData\Local\Temp\arduino\sketches\F38EEDE96C581C7EBC022A43AFCE7007\core\variant.cpp.o
                0x200000bc                Serial1
 .bss.sercom0   0x20000300        0x8 C:\Users\Mikkel\AppData\Local\Temp\arduino\sketches\F38EEDE96C581C7EBC022A43AFCE7007\core\variant.cpp.o
                0x20000300                sercom0
 .bss.sercom1   0x20000308        0x8 C:\Users\Mikkel\AppData\Local\Temp\arduino\sketches\F38EEDE96C581C7EBC022A43AFCE7007\core\variant.cpp.o
                0x20000308                sercom1
 .bss.sercom2   0x20000310        0x8 C:\Users\Mikkel\AppData\Local\Temp\arduino\sketches\F38EEDE96C581C7EBC022A43AFCE7007\core\variant.cpp.o
                0x20000310                sercom2
 .bss.sercom3   0x20000318        0x8 C:\Users\Mikkel\AppData\Local\Temp\arduino\sketches\F38EEDE96C581C7EBC022A43AFCE7007\core\variant.cpp.o
                0x20000318                sercom3
 .bss.sercom4   0x20000320        0x8 C:\Users\Mikkel\AppData\Local\Temp\arduino\sketches\F38EEDE96C581C7EBC022A43AFCE7007\core\variant.cpp.o
                0x20000320                sercom4
 .bss.sercom5   0x20000328        0x8 C:\Users\Mikkel\AppData\Local\Temp\arduino\sketches\F38EEDE96C581C7EBC022A43AFCE7007\core\variant.cpp.o
                0x20000328                sercom5
 .bss.SerialUSB
                0x20000330       0x34 C:\Users\Mikkel\AppData\Local\Temp\arduino\sketches\F38EEDE96C581C7EBC022A43AFCE7007/..\..\cores\arduino_samd_mkrvidor4000_f3e0bd6860e3a08d0a5370bc8333d944\core.a(CDC.cpp.o)
                0x20000330                SerialUSB
 .bss.EndPoints
                0x20000364       0x28 C:\Users\Mikkel\AppData\Local\Temp\arduino\sketches\F38EEDE96C581C7EBC022A43AFCE7007/..\..\cores\arduino_samd_mkrvidor4000_f3e0bd6860e3a08d0a5370bc8333d944\core.a(USBCore.cpp.o)
                0x20000364                EndPoints
 .bss.USBDevice
                0x2000038c        0x1 C:\Users\Mikkel\AppData\Local\Temp\arduino\sketches\F38EEDE96C581C7EBC022A43AFCE7007/..\..\cores\arduino_samd_mkrvidor4000_f3e0bd6860e3a08d0a5370bc8333d944\core.a(USBCore.cpp.o)
                0x2000038c                USBDevice
 *fill*         0x2000038d        0x3 
 .bss._ZL10epHandlers
                0x20000390       0x1c C:\Users\Mikkel\AppData\Local\Temp\arduino\sketches\F38EEDE96C581C7EBC022A43AFCE7007/..\..\cores\arduino_samd_mkrvidor4000_f3e0bd6860e3a08d0a5370bc8333d944\core.a(USBCore.cpp.o)
 .bss._ZL14isEndpointHalt
                0x200003ac        0x1 C:\Users\Mikkel\AppData\Local\Temp\arduino\sketches\F38EEDE96C581C7EBC022A43AFCE7007/..\..\cores\arduino_samd_mkrvidor4000_f3e0bd6860e3a08d0a5370bc8333d944\core.a(USBCore.cpp.o)
 .bss._ZL20LastTransmitTimedOut
                0x200003ad        0x7 C:\Users\Mikkel\AppData\Local\Temp\arduino\sketches\F38EEDE96C581C7EBC022A43AFCE7007/..\..\cores\arduino_samd_mkrvidor4000_f3e0bd6860e3a08d0a5370bc8333d944\core.a(USBCore.cpp.o)
 .bss._ZL21isRemoteWakeUpEnabled
                0x200003b4        0x1 C:\Users\Mikkel\AppData\Local\Temp\arduino\sketches\F38EEDE96C581C7EBC022A43AFCE7007/..\..\cores\arduino_samd_mkrvidor4000_f3e0bd6860e3a08d0a5370bc8333d944\core.a(USBCore.cpp.o)
 *fill*         0x200003b5        0x3 
 .bss._ZL22udd_ep_in_cache_buffer
                0x200003b8      0x1c0 C:\Users\Mikkel\AppData\Local\Temp\arduino\sketches\F38EEDE96C581C7EBC022A43AFCE7007/..\..\cores\arduino_samd_mkrvidor4000_f3e0bd6860e3a08d0a5370bc8333d944\core.a(USBCore.cpp.o)
 .bss._ZL23udd_ep_out_cache_buffer
                0x20000578      0x1c0 C:\Users\Mikkel\AppData\Local\Temp\arduino\sketches\F38EEDE96C581C7EBC022A43AFCE7007/..\..\cores\arduino_samd_mkrvidor4000_f3e0bd6860e3a08d0a5370bc8333d944\core.a(USBCore.cpp.o)
 .bss._dry_run  0x20000738        0x1 C:\Users\Mikkel\AppData\Local\Temp\arduino\sketches\F38EEDE96C581C7EBC022A43AFCE7007/..\..\cores\arduino_samd_mkrvidor4000_f3e0bd6860e3a08d0a5370bc8333d944\core.a(USBCore.cpp.o)
                0x20000738                _dry_run
 .bss._pack_buffer
                0x20000739      0x100 C:\Users\Mikkel\AppData\Local\Temp\arduino\sketches\F38EEDE96C581C7EBC022A43AFCE7007/..\..\cores\arduino_samd_mkrvidor4000_f3e0bd6860e3a08d0a5370bc8333d944\core.a(USBCore.cpp.o)
                0x20000739                _pack_buffer
 .bss._pack_message
                0x20000839        0x1 C:\Users\Mikkel\AppData\Local\Temp\arduino\sketches\F38EEDE96C581C7EBC022A43AFCE7007/..\..\cores\arduino_samd_mkrvidor4000_f3e0bd6860e3a08d0a5370bc8333d944\core.a(USBCore.cpp.o)
                0x20000839                _pack_message
 .bss._pack_size
                0x2000083a        0x2 C:\Users\Mikkel\AppData\Local\Temp\arduino\sketches\F38EEDE96C581C7EBC022A43AFCE7007/..\..\cores\arduino_samd_mkrvidor4000_f3e0bd6860e3a08d0a5370bc8333d944\core.a(USBCore.cpp.o)
                0x2000083a                _pack_size
 .bss._usbConfiguration
                0x2000083c        0x4 C:\Users\Mikkel\AppData\Local\Temp\arduino\sketches\F38EEDE96C581C7EBC022A43AFCE7007/..\..\cores\arduino_samd_mkrvidor4000_f3e0bd6860e3a08d0a5370bc8333d944\core.a(USBCore.cpp.o)
                0x2000083c                _usbConfiguration
 .bss._usbSetInterface
                0x20000840        0x4 C:\Users\Mikkel\AppData\Local\Temp\arduino\sketches\F38EEDE96C581C7EBC022A43AFCE7007/..\..\cores\arduino_samd_mkrvidor4000_f3e0bd6860e3a08d0a5370bc8333d944\core.a(USBCore.cpp.o)
                0x20000840                _usbSetInterface
 .bss.usbd      0x20000844      0x104 C:\Users\Mikkel\AppData\Local\Temp\arduino\sketches\F38EEDE96C581C7EBC022A43AFCE7007/..\..\cores\arduino_samd_mkrvidor4000_f3e0bd6860e3a08d0a5370bc8333d944\core.a(USBCore.cpp.o)
                0x20000844                usbd
 .bss._ZGVZ12PluggableUSBvE3obj
                0x20000948        0x4 C:\Users\Mikkel\AppData\Local\Temp\arduino\sketches\F38EEDE96C581C7EBC022A43AFCE7007/..\..\cores\arduino_samd_mkrvidor4000_f3e0bd6860e3a08d0a5370bc8333d944\core.a(PluggableUSB.cpp.o)
 .bss._ZZ12PluggableUSBvE3obj
                0x2000094c        0xc C:\Users\Mikkel\AppData\Local\Temp\arduino\sketches\F38EEDE96C581C7EBC022A43AFCE7007/..\..\cores\arduino_samd_mkrvidor4000_f3e0bd6860e3a08d0a5370bc8333d944\core.a(PluggableUSB.cpp.o)
 .bss.usb_isr   0x20000958        0x4 C:\Users\Mikkel\AppData\Local\Temp\arduino\sketches\F38EEDE96C581C7EBC022A43AFCE7007/..\..\cores\arduino_samd_mkrvidor4000_f3e0bd6860e3a08d0a5370bc8333d944\core.a(cortex_handlers.c.o)
 .bss._ulTickCount
                0x2000095c        0x4 C:\Users\Mikkel\AppData\Local\Temp\arduino\sketches\F38EEDE96C581C7EBC022A43AFCE7007/..\..\cores\arduino_samd_mkrvidor4000_f3e0bd6860e3a08d0a5370bc8333d944\core.a(delay.c.o)
 .bss.__malloc_free_list
                0x20000960        0x4 c:/users/mikkel/appdata/local/arduino15/packages/arduino/tools/arm-none-eabi-gcc/7-2017q4/bin/../lib/gcc/arm-none-eabi/7.2.1/../../../../arm-none-eabi/lib/thumb/v6-m\libc_nano.a(lib_a-nano-mallocr.o)
                0x20000960                __malloc_free_list
 .bss.__malloc_sbrk_start
                0x20000964        0x4 c:/users/mikkel/appdata/local/arduino15/packages/arduino/tools/arm-none-eabi-gcc/7-2017q4/bin/../lib/gcc/arm-none-eabi/7.2.1/../../../../arm-none-eabi/lib/thumb/v6-m\libc_nano.a(lib_a-nano-mallocr.o)
                0x20000964                __malloc_sbrk_start
 .bss.heap_end.4102
                0x20000968        0x4 c:/users/mikkel/appdata/local/arduino15/packages/arduino/tools/arm-none-eabi-gcc/7-2017q4/bin/../lib/gcc/arm-none-eabi/7.2.1/../../../../arm-none-eabi/lib/thumb/v6-m\libnosys.a(sbrk.o)
 *(COMMON)
 COMMON         0x2000096c        0x4 c:/users/mikkel/appdata/local/arduino15/packages/arduino/tools/arm-none-eabi-gcc/7-2017q4/bin/../lib/gcc/arm-none-eabi/7.2.1/../../../../arm-none-eabi/lib/thumb/v6-m\libc_nano.a(lib_a-reent.o)
                0x2000096c                errno
                0x20000970                . = ALIGN (0x4)
                0x20000970                __bss_end__ = .

.heap           0x20000970        0x0
                0x20000970                __end__ = .
                0x20000970                PROVIDE (end, .)
 *(.heap*)
                0x20000970                __HeapLimit = .

.stack_dummy    0x20000970        0x0
 *(.stack*)
                0x20008000                __StackTop = (ORIGIN (RAM) + LENGTH (RAM))
                0x20008000                __StackLimit = (__StackTop - SIZEOF (.stack_dummy))
                0x20008000                PROVIDE (__stack, __StackTop)
                0x20007fff                __ram_end__ = ((ORIGIN (RAM) + LENGTH (RAM)) - 0x1)
                0x00000001                ASSERT ((__StackLimit >= __HeapLimit), region RAM overflowed with stack)
OUTPUT(C:\Users\Mikkel\AppData\Local\Temp\arduino\sketches\F38EEDE96C581C7EBC022A43AFCE7007/Potentiometer_test.ino.elf elf32-littlearm)

.ARM.attributes
                0x00000000       0x28
 .ARM.attributes
                0x00000000       0x1e c:/users/mikkel/appdata/local/arduino15/packages/arduino/tools/arm-none-eabi-gcc/7-2017q4/bin/../lib/gcc/arm-none-eabi/7.2.1/thumb/v6-m/crti.o
 .ARM.attributes
                0x0000001e       0x2c c:/users/mikkel/appdata/local/arduino15/packages/arduino/tools/arm-none-eabi-gcc/7-2017q4/bin/../lib/gcc/arm-none-eabi/7.2.1/thumb/v6-m/crtbegin.o
 .ARM.attributes
                0x0000004a       0x32 C:\Users\Mikkel\AppData\Local\Temp\arduino\sketches\F38EEDE96C581C7EBC022A43AFCE7007\sketch\Potentiometer_test.ino.cpp.o
 .ARM.attributes
                0x0000007c       0x32 C:\Users\Mikkel\AppData\Local\Temp\arduino\sketches\F38EEDE96C581C7EBC022A43AFCE7007\core\variant.cpp.o
 .ARM.attributes
                0x000000ae       0x32 C:\Users\Mikkel\AppData\Local\Temp\arduino\sketches\F38EEDE96C581C7EBC022A43AFCE7007/..\..\cores\arduino_samd_mkrvidor4000_f3e0bd6860e3a08d0a5370bc8333d944\core.a(SERCOM.cpp.o)
 .ARM.attributes
                0x000000e0       0x32 C:\Users\Mikkel\AppData\Local\Temp\arduino\sketches\F38EEDE96C581C7EBC022A43AFCE7007/..\..\cores\arduino_samd_mkrvidor4000_f3e0bd6860e3a08d0a5370bc8333d944\core.a(CDC.cpp.o)
 .ARM.attributes
                0x00000112       0x32 C:\Users\Mikkel\AppData\Local\Temp\arduino\sketches\F38EEDE96C581C7EBC022A43AFCE7007/..\..\cores\arduino_samd_mkrvidor4000_f3e0bd6860e3a08d0a5370bc8333d944\core.a(USBCore.cpp.o)
 .ARM.attributes
                0x00000144       0x32 C:\Users\Mikkel\AppData\Local\Temp\arduino\sketches\F38EEDE96C581C7EBC022A43AFCE7007/..\..\cores\arduino_samd_mkrvidor4000_f3e0bd6860e3a08d0a5370bc8333d944\core.a(Uart.cpp.o)
 .ARM.attributes
                0x00000176       0x32 C:\Users\Mikkel\AppData\Local\Temp\arduino\sketches\F38EEDE96C581C7EBC022A43AFCE7007/..\..\cores\arduino_samd_mkrvidor4000_f3e0bd6860e3a08d0a5370bc8333d944\core.a(PluggableUSB.cpp.o)
 .ARM.attributes
                0x000001a8       0x32 C:\Users\Mikkel\AppData\Local\Temp\arduino\sketches\F38EEDE96C581C7EBC022A43AFCE7007/..\..\cores\arduino_samd_mkrvidor4000_f3e0bd6860e3a08d0a5370bc8333d944\core.a(Print.cpp.o)
 .ARM.attributes
                0x000001da       0x32 C:\Users\Mikkel\AppData\Local\Temp\arduino\sketches\F38EEDE96C581C7EBC022A43AFCE7007/..\..\cores\arduino_samd_mkrvidor4000_f3e0bd6860e3a08d0a5370bc8333d944\core.a(cortex_handlers.c.o)
 .ARM.attributes
                0x0000020c       0x32 C:\Users\Mikkel\AppData\Local\Temp\arduino\sketches\F38EEDE96C581C7EBC022A43AFCE7007/..\..\cores\arduino_samd_mkrvidor4000_f3e0bd6860e3a08d0a5370bc8333d944\core.a(delay.c.o)
 .ARM.attributes
                0x0000023e       0x32 C:\Users\Mikkel\AppData\Local\Temp\arduino\sketches\F38EEDE96C581C7EBC022A43AFCE7007/..\..\cores\arduino_samd_mkrvidor4000_f3e0bd6860e3a08d0a5370bc8333d944\core.a(hooks.c.o)
 .ARM.attributes
                0x00000270       0x32 C:\Users\Mikkel\AppData\Local\Temp\arduino\sketches\F38EEDE96C581C7EBC022A43AFCE7007/..\..\cores\arduino_samd_mkrvidor4000_f3e0bd6860e3a08d0a5370bc8333d944\core.a(main.cpp.o)
 .ARM.attributes
                0x000002a2       0x32 C:\Users\Mikkel\AppData\Local\Temp\arduino\sketches\F38EEDE96C581C7EBC022A43AFCE7007/..\..\cores\arduino_samd_mkrvidor4000_f3e0bd6860e3a08d0a5370bc8333d944\core.a(new.cpp.o)
 .ARM.attributes
                0x000002d4       0x32 C:\Users\Mikkel\AppData\Local\Temp\arduino\sketches\F38EEDE96C581C7EBC022A43AFCE7007/..\..\cores\arduino_samd_mkrvidor4000_f3e0bd6860e3a08d0a5370bc8333d944\core.a(startup.c.o)
 .ARM.attributes
                0x00000306       0x32 C:\Users\Mikkel\AppData\Local\Temp\arduino\sketches\F38EEDE96C581C7EBC022A43AFCE7007/..\..\cores\arduino_samd_mkrvidor4000_f3e0bd6860e3a08d0a5370bc8333d944\core.a(wiring.c.o)
 .ARM.attributes
                0x00000338       0x32 C:\Users\Mikkel\AppData\Local\Temp\arduino\sketches\F38EEDE96C581C7EBC022A43AFCE7007/..\..\cores\arduino_samd_mkrvidor4000_f3e0bd6860e3a08d0a5370bc8333d944\core.a(wiring_analog.c.o)
 .ARM.attributes
                0x0000036a       0x32 C:\Users\Mikkel\AppData\Local\Temp\arduino\sketches\F38EEDE96C581C7EBC022A43AFCE7007/..\..\cores\arduino_samd_mkrvidor4000_f3e0bd6860e3a08d0a5370bc8333d944\core.a(wiring_digital.c.o)
 .ARM.attributes
                0x0000039c       0x32 C:\Users\Mikkel\AppData\Local\Temp\arduino\sketches\F38EEDE96C581C7EBC022A43AFCE7007/..\..\cores\arduino_samd_mkrvidor4000_f3e0bd6860e3a08d0a5370bc8333d944\core.a(wiring_private.c.o)
 .ARM.attributes
                0x000003ce       0x32 C:\Users\Mikkel\AppData\Local\Temp\arduino\sketches\F38EEDE96C581C7EBC022A43AFCE7007/..\..\cores\arduino_samd_mkrvidor4000_f3e0bd6860e3a08d0a5370bc8333d944\core.a(Reset.cpp.o)
 .ARM.attributes
                0x00000400       0x1e c:/users/mikkel/appdata/local/arduino15/packages/arduino/tools/arm-none-eabi-gcc/7-2017q4/bin/../lib/gcc/arm-none-eabi/7.2.1/thumb/v6-m\libgcc.a(_thumb1_case_uqi.o)
 .ARM.attributes
                0x0000041e       0x1e c:/users/mikkel/appdata/local/arduino15/packages/arduino/tools/arm-none-eabi-gcc/7-2017q4/bin/../lib/gcc/arm-none-eabi/7.2.1/thumb/v6-m\libgcc.a(_udivsi3.o)
 .ARM.attributes
                0x0000043c       0x1e c:/users/mikkel/appdata/local/arduino15/packages/arduino/tools/arm-none-eabi-gcc/7-2017q4/bin/../lib/gcc/arm-none-eabi/7.2.1/thumb/v6-m\libgcc.a(_dvmd_tls.o)
 .ARM.attributes
                0x0000045a       0x1e c:/users/mikkel/appdata/local/arduino15/packages/arduino/tools/arm-none-eabi-gcc/7-2017q4/bin/../lib/gcc/arm-none-eabi/7.2.1/thumb/v6-m\libgcc.a(_arm_cmpdf2.o)
 .ARM.attributes
                0x00000478       0x2c c:/users/mikkel/appdata/local/arduino15/packages/arduino/tools/arm-none-eabi-gcc/7-2017q4/bin/../lib/gcc/arm-none-eabi/7.2.1/thumb/v6-m\libgcc.a(_fixunsdfsi.o)
 .ARM.attributes
                0x000004a4       0x2c c:/users/mikkel/appdata/local/arduino15/packages/arduino/tools/arm-none-eabi-gcc/7-2017q4/bin/../lib/gcc/arm-none-eabi/7.2.1/thumb/v6-m\libgcc.a(adddf3.o)
 .ARM.attributes
                0x000004d0       0x2c c:/users/mikkel/appdata/local/arduino15/packages/arduino/tools/arm-none-eabi-gcc/7-2017q4/bin/../lib/gcc/arm-none-eabi/7.2.1/thumb/v6-m\libgcc.a(divdf3.o)
 .ARM.attributes
                0x000004fc       0x2c c:/users/mikkel/appdata/local/arduino15/packages/arduino/tools/arm-none-eabi-gcc/7-2017q4/bin/../lib/gcc/arm-none-eabi/7.2.1/thumb/v6-m\libgcc.a(eqdf2.o)
 .ARM.attributes
                0x00000528       0x2c c:/users/mikkel/appdata/local/arduino15/packages/arduino/tools/arm-none-eabi-gcc/7-2017q4/bin/../lib/gcc/arm-none-eabi/7.2.1/thumb/v6-m\libgcc.a(gedf2.o)
 .ARM.attributes
                0x00000554       0x2c c:/users/mikkel/appdata/local/arduino15/packages/arduino/tools/arm-none-eabi-gcc/7-2017q4/bin/../lib/gcc/arm-none-eabi/7.2.1/thumb/v6-m\libgcc.a(ledf2.o)
 .ARM.attributes
                0x00000580       0x2c c:/users/mikkel/appdata/local/arduino15/packages/arduino/tools/arm-none-eabi-gcc/7-2017q4/bin/../lib/gcc/arm-none-eabi/7.2.1/thumb/v6-m\libgcc.a(muldf3.o)
 .ARM.attributes
                0x000005ac       0x2c c:/users/mikkel/appdata/local/arduino15/packages/arduino/tools/arm-none-eabi-gcc/7-2017q4/bin/../lib/gcc/arm-none-eabi/7.2.1/thumb/v6-m\libgcc.a(subdf3.o)
 .ARM.attributes
                0x000005d8       0x2c c:/users/mikkel/appdata/local/arduino15/packages/arduino/tools/arm-none-eabi-gcc/7-2017q4/bin/../lib/gcc/arm-none-eabi/7.2.1/thumb/v6-m\libgcc.a(unorddf2.o)
 .ARM.attributes
                0x00000604       0x2c c:/users/mikkel/appdata/local/arduino15/packages/arduino/tools/arm-none-eabi-gcc/7-2017q4/bin/../lib/gcc/arm-none-eabi/7.2.1/thumb/v6-m\libgcc.a(fixdfsi.o)
 .ARM.attributes
                0x00000630       0x2c c:/users/mikkel/appdata/local/arduino15/packages/arduino/tools/arm-none-eabi-gcc/7-2017q4/bin/../lib/gcc/arm-none-eabi/7.2.1/thumb/v6-m\libgcc.a(floatsidf.o)
 .ARM.attributes
                0x0000065c       0x2c c:/users/mikkel/appdata/local/arduino15/packages/arduino/tools/arm-none-eabi-gcc/7-2017q4/bin/../lib/gcc/arm-none-eabi/7.2.1/thumb/v6-m\libgcc.a(floatunsidf.o)
 .ARM.attributes
                0x00000688       0x2c c:/users/mikkel/appdata/local/arduino15/packages/arduino/tools/arm-none-eabi-gcc/7-2017q4/bin/../lib/gcc/arm-none-eabi/7.2.1/thumb/v6-m\libgcc.a(extendsfdf2.o)
 .ARM.attributes
                0x000006b4       0x2c c:/users/mikkel/appdata/local/arduino15/packages/arduino/tools/arm-none-eabi-gcc/7-2017q4/bin/../lib/gcc/arm-none-eabi/7.2.1/thumb/v6-m\libgcc.a(truncdfsf2.o)
 .ARM.attributes
                0x000006e0       0x1e c:/users/mikkel/appdata/local/arduino15/packages/arduino/tools/arm-none-eabi-gcc/7-2017q4/bin/../lib/gcc/arm-none-eabi/7.2.1/thumb/v6-m\libgcc.a(_clzsi2.o)
 .ARM.attributes
                0x000006fe       0x2c c:/users/mikkel/appdata/local/arduino15/packages/arduino/tools/arm-none-eabi-gcc/7-2017q4/bin/../lib/gcc/arm-none-eabi/7.2.1/../../../../arm-none-eabi/lib/thumb/v6-m\libc_nano.a(lib_a-impure.o)
 .ARM.attributes
                0x0000072a       0x2c c:/users/mikkel/appdata/local/arduino15/packages/arduino/tools/arm-none-eabi-gcc/7-2017q4/bin/../lib/gcc/arm-none-eabi/7.2.1/../../../../arm-none-eabi/lib/thumb/v6-m\libc_nano.a(lib_a-init.o)
 .ARM.attributes
                0x00000756       0x2c c:/users/mikkel/appdata/local/arduino15/packages/arduino/tools/arm-none-eabi-gcc/7-2017q4/bin/../lib/gcc/arm-none-eabi/7.2.1/../../../../arm-none-eabi/lib/thumb/v6-m\libc_nano.a(lib_a-malloc.o)
 .ARM.attributes
                0x00000782       0x2c c:/users/mikkel/appdata/local/arduino15/packages/arduino/tools/arm-none-eabi-gcc/7-2017q4/bin/../lib/gcc/arm-none-eabi/7.2.1/../../../../arm-none-eabi/lib/thumb/v6-m\libc_nano.a(lib_a-memcpy-stub.o)
 .ARM.attributes
                0x000007ae       0x2c c:/users/mikkel/appdata/local/arduino15/packages/arduino/tools/arm-none-eabi-gcc/7-2017q4/bin/../lib/gcc/arm-none-eabi/7.2.1/../../../../arm-none-eabi/lib/thumb/v6-m\libc_nano.a(lib_a-memset.o)
 .ARM.attributes